--------- beginning of main
10-02 15:42:56.260  1363  1363 I chatty  : uid=10047(com.wahoofitness.bolt) expire 35 lines
10-02 15:42:56.276  1363  1566 I chatty  : uid=10047(com.wahoofitness.bolt) BANordicBluetoo expire 2 lines
10-02 15:42:56.279  1363  1469 I chatty  : uid=10047(com.wahoofitness.bolt) BANordicHciAdap expire 6 lines
10-02 15:42:56.285  1363  1476 I chatty  : uid=10047(com.wahoofitness.bolt) HciSerialTransp expire 17 lines
10-02 15:42:56.293  1363  1516 I chatty  : uid=10047(com.wahoofitness.bolt) StdApp expire 1 line
10-02 15:42:56.308  1363  1548 I chatty  : uid=10047(com.wahoofitness.bolt) ANT:HRM:38333 expire 8 lines
10-02 15:42:56.897  1363  1433 I chatty  : uid=10047(com.wahoofitness.bolt) ANTDiscoveryMan expire 12 lines
10-02 15:42:57.163  1363  1363 I chatty  : uid=10047(com.wahoofitness.bolt) expire 37 lines
10-02 15:42:57.187  1363  1476 I chatty  : uid=10047(com.wahoofitness.bolt) HciSerialTransp expire 22 lines
10-02 15:42:57.290  1363  1548 I chatty  : uid=10047(com.wahoofitness.bolt) ANT:HRM:38333 expire 4 lines
10-02 15:42:57.461  1363  1566 I chatty  : uid=10047(com.wahoofitness.bolt) BANordicBluetoo expire 1 line
10-02 15:42:57.463  1363  1413 I chatty  : uid=10047(com.wahoofitness.bolt) BTLECmdQueue expire 4 lines
10-02 15:42:57.463  1363  1469 I chatty  : uid=10047(com.wahoofitness.bolt) BANordicHciAdap expire 4 lines
10-02 15:42:58.102  1363  1566 I chatty  : uid=10047(com.wahoofitness.bolt) BANordicBluetoo expire 1 line
10-02 15:42:58.103  1363  1413 I chatty  : uid=10047(com.wahoofitness.bolt) BTLECmdQueue expire 4 lines
10-02 15:42:58.105  1363  1363 I chatty  : uid=10047(com.wahoofitness.bolt) expire 14 lines
10-02 15:42:58.110  1363  1476 I chatty  : uid=10047(com.wahoofitness.bolt) HciSerialTransp expire 1 line
10-02 15:42:58.276  1363  1548 I chatty  : uid=10047(com.wahoofitness.bolt) ANT:HRM:38333 expire 4 lines
10-02 15:42:58.315  1363  1363 I chatty  : uid=10047(com.wahoofitness.bolt) expire 7 lines
10-02 15:42:58.327  1363  1476 I chatty  : uid=10047(com.wahoofitness.bolt) HciSerialTransp expire 16 lines
10-02 15:42:58.646  1363  1433 I chatty  : uid=10047(com.wahoofitness.bolt) ANTDiscoveryMan expire 6 lines
10-02 15:42:58.869  1363  1566 I chatty  : uid=10047(com.wahoofitness.bolt) BANordicBluetoo expire 1 line
10-02 15:42:58.870  1363  1413 I chatty  : uid=10047(com.wahoofitness.bolt) BTLECmdQueue expire 4 lines
10-02 15:42:58.871  1363  1469 I chatty  : uid=10047(com.wahoofitness.bolt) BANordicHciAdap expire 2 lines
10-02 15:42:58.970  1363  1363 I chatty  : uid=10047(com.wahoofitness.bolt) expire 28 lines
10-02 15:42:59.010  1363  1476 I chatty  : uid=10047(com.wahoofitness.bolt) HciSerialTransp expire 13 lines
10-02 15:42:59.193  1363  1363 I chatty  : uid=10047(com.wahoofitness.bolt) expire 13 lines
10-02 15:42:59.277  1363  1548 I chatty  : uid=10047(com.wahoofitness.bolt) ANT:HRM:38333 expire 4 lines
10-02 15:42:59.484  1363  1566 I chatty  : uid=10047(com.wahoofitness.bolt) BANordicBluetoo expire 1 line
10-02 15:42:59.484  1363  1413 I chatty  : uid=10047(com.wahoofitness.bolt) BTLECmdQueue expire 4 lines
10-02 15:42:59.485  1363  1469 I chatty  : uid=10047(com.wahoofitness.bolt) BANordicHciAdap expire 4 lines
10-02 15:42:59.760  1363  1476 I chatty  : uid=10047(com.wahoofitness.bolt) HciSerialTransp expire 13 lines
10-02 15:42:59.761  1363  1548 I chatty  : uid=10047(com.wahoofitness.bolt) ANT:HRM:38333 expire 4 lines
10-02 15:42:59.827  1363  1363 I chatty  : uid=10047(com.wahoofitness.bolt) expire 9 lines
10-02 15:43:00.042  1363  1433 I chatty  : uid=10047(com.wahoofitness.bolt) ANTDiscoveryMan expire 7 lines
10-02 15:43:00.099  1363  1566 I chatty  : uid=10047(com.wahoofitness.bolt) BANordicBluetoo expire 1 line
10-02 15:43:00.100  1363  1413 I chatty  : uid=10047(com.wahoofitness.bolt) BTLECmdQueue expire 4 lines
10-02 15:43:00.177  1363  1476 I chatty  : uid=10047(com.wahoofitness.bolt) HciSerialTransp expire 6 lines
10-02 15:43:00.206  1363  1363 I chatty  : uid=10047(com.wahoofitness.bolt) expire 54 lines
10-02 15:43:00.406  1363  1476 I chatty  : uid=10047(com.wahoofitness.bolt) HciSerialTransp expire 11 lines
10-02 15:43:00.530  1363  1556 I chatty  : uid=10047(com.wahoofitness.bolt) BTLEGattSM-TICK expire 6 lines
10-02 15:43:00.633  1363  1566 I chatty  : uid=10047(com.wahoofitness.bolt) BANordicBluetoo expire 1 line
10-02 15:43:00.635  1363  1413 I chatty  : uid=10047(com.wahoofitness.bolt) BTLECmdQueue expire 4 lines
10-02 15:43:00.636  1363  1469 I chatty  : uid=10047(com.wahoofitness.bolt) BANordicHciAdap expire 2 lines
10-02 15:43:00.739  1363  1548 I chatty  : uid=10047(com.wahoofitness.bolt) ANT:HRM:38333 expire 6 lines
10-02 15:43:00.970  1363  1552 I chatty  : uid=10047(com.wahoofitness.bolt) ANT:PM:8805 expire 6 lines
10-02 15:43:01.043  1363  1363 I chatty  : uid=10047(com.wahoofitness.bolt) expire 22 lines
10-02 15:43:01.055  1363  1476 I chatty  : uid=10047(com.wahoofitness.bolt) HciSerialTransp expire 13 lines
10-02 15:43:01.229  1363  1566 I chatty  : uid=10047(com.wahoofitness.bolt) BANordicBluetoo expire 18 lines
10-02 15:43:01.230  1363  1548 I chatty  : uid=10047(com.wahoofitness.bolt) ANT:HRM:38333 expire 4 lines
10-02 15:43:01.231  1363  1413 I chatty  : uid=10047(com.wahoofitness.bolt) BTLECmdQueue expire 11 lines
10-02 15:43:01.233  1363  1469 I chatty  : uid=10047(com.wahoofitness.bolt) BANordicHciAdap expire 15 lines
10-02 15:43:01.276  1363  1566 I chatty  : uid=10047(com.wahoofitness.bolt) BANordicBluetoo expire 27 lines
10-02 15:43:02.543  1363  1469 I chatty  : uid=10047(com.wahoofitness.bolt) BANordicHciAdap expire 4 lines
10-02 15:43:02.779  1363  1476 I chatty  : uid=10047(com.wahoofitness.bolt) HciSerialTransp expire 13 lines
10-02 15:43:02.971  1363  1363 I chatty  : uid=10047(com.wahoofitness.bolt) expire 48 lines
10-02 15:43:03.103  1363  1566 I chatty  : uid=10047(com.wahoofitness.bolt) BANordicBluetoo expire 1 line
10-02 15:43:03.103  1363  1413 I chatty  : uid=10047(com.wahoofitness.bolt) BTLECmdQueue expire 4 lines
10-02 15:43:05.664  1363  1548 I chatty  : uid=10047(com.wahoofitness.bolt) ANT:HRM:38333 expire 4 lines
10-02 15:43:05.722  1363  1566 I chatty  : uid=10047(com.wahoofitness.bolt) BANordicBluetoo expire 1 line
10-02 15:43:05.724  1363  1413 I chatty  : uid=10047(com.wahoofitness.bolt) BTLECmdQueue expire 8 lines
10-02 15:43:06.099  1363  1363 I chatty  : uid=10047(com.wahoofitness.bolt) expire 38 lines
10-02 15:43:06.125  1363  1476 I chatty  : uid=10047(com.wahoofitness.bolt) HciSerialTransp expire 10 lines
10-02 15:43:06.366  1363  1566 I chatty  : uid=10047(com.wahoofitness.bolt) BANordicBluetoo expire 1 line
10-02 15:43:06.369  1363  1469 I chatty  : uid=10047(com.wahoofitness.bolt) BANordicHciAdap expire 2 lines
10-02 15:43:06.585  1363  1552 I chatty  : uid=10047(com.wahoofitness.bolt) ANT:PM:8805 expire 11 lines
10-02 15:43:06.649  1363  1548 I chatty  : uid=10047(com.wahoofitness.bolt) ANT:HRM:38333 expire 6 lines
10-02 15:43:06.665  1363  1363 I BSensorCharacteristic: [2] << StdSensor onSensorConnectionStateChanged 13
10-02 15:43:06.665  1363  1363 I BSensorCharacteristic: [2] sendNotif_Sensor StdSensor [13 CpSet [ANTConnectionParams [PM:8805:5]]] onSensorConnectionStateChanged
10-02 15:43:06.670  1363  1363 V CmdQueue-BTLECmdQueue: [2] add BxCA-SEN-170 1
10-02 15:43:06.677  1363  1476 V BANordicBluetoothGattServer: [150] onHciMesg [10:60] RECEIVE_RAW_DATA_FROM_CENTRAL (handle: 4, service UUID: EE06, characteristic UUID: E036)
10-02 15:43:06.686  1363  1413 V BBtleManager: [110] >> SVR notif BxCA-SEN-170 [03 22 00 02 0D +43]
10-02 15:43:06.686  1363  1413 V CmdQueue-BANordicHciAdapter: [110] add HCI:47 1
10-02 15:43:06.686  1363  1413 V CmdQueue-BTLECmdQueue: [110] >> BxCA-SEN-170 1
10-02 15:43:06.687  1363  1469 V CmdQueue-BANordicHciAdapter: [112] >> HCI:47 1
10-02 15:43:06.696  1363  1476 V BBtleManager: [150] << SVR notif sent OK
10-02 15:43:06.697  1363  1469 V CmdQueue-BANordicHciAdapter: [112] << HCI:47 11ms
10-02 15:43:06.697  1363  1413 V CmdQueue-BTLECmdQueue: [110] << BxCA-SEN-170 12ms
10-02 15:43:06.776  1363  1476 V BANordicBluetoothGattServer: [150] onHciMesg [10:60] RECEIVE_RAW_DATA_FROM_CENTRAL (handle: 4, service UUID: EE06, characteristic UUID: E036)
10-02 15:43:06.808  1363  1476 V BANordicBluetoothGattServer: [150] onHciMesg [10:60] RECEIVE_RAW_DATA_FROM_CENTRAL (handle: 4, service UUID: EE06, characteristic UUID: E036)
10-02 15:43:06.824  1363  1552 V CruxCapabilityHelper: [174] notifyCruxRateAccumData CruxRateAccumPacket [CADENCE=0.0 REVS=0.0]
10-02 15:43:06.826  1363  1552 V notifyCrankRevsData: [174] com.wahoofitness.connector.conn.characteristics.crux.e$d@b80c713
10-02 15:43:06.826  1363  1552 V CruxCapabilityHelper: [174] notifyCruxRateAccumData CruxRateAccumPacket [CADENCE_BIKE=0.0 CRANK_REVS=0.0]
10-02 15:43:06.827  1363  1552 V CruxCapabilityHelper: [174] notifyCruxInstantData CruxInstantPacket [TORQUE_BIKE 0.0]
10-02 15:43:06.831  1363  1552 V CruxCapabilityHelper: [174] notifyCruxInstantData CruxInstantPacket [POWER 0.0]
10-02 15:43:06.831  1363  1552 V CruxCapabilityHelper: [174] notifyCruxDeltaData CruxDeltaPacket [WORK deltaMs = 238 deltaValue = 0.0]
10-02 15:43:06.831  1363  1552 V CruxCapabilityHelper: [174] notifyCruxInstantData CruxInstantPacket [POWER_BIKE 0.0]
10-02 15:43:06.832  1363  1552 V CruxCapabilityHelper: [174] notifyCruxDeltaData CruxDeltaPacket [WORK_BIKE deltaMs = 238 deltaValue = 0.0]
10-02 15:43:06.833  1363  1552 V CruxCapabilityHelper: [174] notifyCruxRateAccumData CruxRateAccumPacket [CALORIE_RATE=0.0 CALORIES=0.0]
10-02 15:43:06.833  1363  1552 V CruxCapabilityHelper: [174] notifyCruxRateAccumData CruxRateAccumPacket [CALORIE_RATE_PWR=0.0 CALORIES_PWR=0.0]
10-02 15:43:06.873  1363  1476 V BANordicBluetoothGattServer: [150] onHciMesg [10:60] RECEIVE_RAW_DATA_FROM_CENTRAL (handle: 4, service UUID: EE06, characteristic UUID: E036)
10-02 15:43:06.925  1363  1476 V BANordicBluetoothGattServer: [150] onHciMesg [10:60] RECEIVE_RAW_DATA_FROM_CENTRAL (handle: 4, service UUID: EE06, characteristic UUID: E036)
10-02 15:43:06.965  1363  1363 V GPSDevice: [2] onNmeaMessage 1633185786 $GPGGA,144312.00,4338.7447,N,07227.8483,W,1,12,0.8,292.5,M,-32.7,M,,*58
10-02 15:43:06.969  1363  1363 V GPSDevice: [2] onNmeaMessage 1633185786 $GNGLL,4338.7447,N,07227.8483,W,144312.00,A,A*6F
10-02 15:43:06.970  1363  1363 V GPSDevice: [2] onNmeaMessage 1633185786 $GNGSA,A,3,02,05,06,13,15,18,20,29,,,,,1.4,0.8,1.1,1*3B
10-02 15:43:06.990  1363  1363 V GPSDevice: [2] onNmeaMessage 1633185786 $GNGSA,A,3,66,67,68,81,,,,,,,,,1.4,0.8,1.1,2*39
10-02 15:43:06.990  1363  1363 V GPSDevice: [2] onNmeaMessage 1633185786 $GPGSV,4,1,13,02,48,111,32,05,78,316,33,06,06,113,16,07,09,055,26,0*6C
10-02 15:43:06.990  1363  1363 V GPSDevice: [2] onNmeaMessage 1633185786 $GPGSV,4,2,13,11,38,104,,13,45,157,30,15,29,195,32,18,12,298,26,0*62
10-02 15:43:06.996  1363  1566 V CmdQueue-BTLECmdQueue: [186] add BxCA-FILE-306 1
10-02 15:43:06.998  1363  1413 V BBtleManager: [110] >> SVR notif BxCA-FILE-306 [0C 07 08 00]
10-02 15:43:06.998  1363  1413 V CmdQueue-BANordicHciAdapter: [110] add HCI:47 1
10-02 15:43:06.999  1363  1413 V CmdQueue-BTLECmdQueue: [110] >> BxCA-FILE-306 1
10-02 15:43:07.000  1363  1469 V CmdQueue-BANordicHciAdapter: [112] >> HCI:47 1
10-02 15:43:07.007  1363  1476 V BBtleManager: [150] << SVR notif sent OK
10-02 15:43:07.007  1363  1469 V CmdQueue-BANordicHciAdapter: [112] << HCI:47 7ms
10-02 15:43:07.008  1363  1413 V CmdQueue-BTLECmdQueue: [110] << BxCA-FILE-306 11ms
10-02 15:43:07.014  1363  1363 V GPSDevice: [2] onNmeaMessage 1633185787 $GPGSV,4,3,13,20,57,055,38,25,03,238,27,26,02,321,,29,56,282,43,0*62
10-02 15:43:07.015  1363  1363 V GPSDevice: [2] onNmeaMessage 1633185787 $GPGSV,4,4,13,30,10,087,25,,,,,,,,,,,,,0*5D
10-02 15:43:07.016  1363  1363 V GPSDevice: [2] onNmeaMessage 1633185787 $GLGSV,2,1,08,66,27,036,25,67,83,024,33,68,40,218,31,74,01,329,,0*70
10-02 15:43:07.043  1363  1363 V GPSDevice: [2] onNmeaMessage 1633185787 $GLGSV,2,2,08,75,02,017,,81,28,137,26,82,79,109,28,83,46,327,23,0*7D
10-02 15:43:07.044  1363  1363 V GPSDevice: [2] onNmeaMessage 1633185787 $GNRMC,144312.00,A,4338.7447,N,07227.8483,W,4.0,10.8,021021,,,A,V*1F
10-02 15:43:07.044  1363  1363 V GPSDevice: [2] onNmeaMessage 1633185787 $GNVTG,10.8,T,,M,4.0,N,7.4,K,A*2D
10-02 15:43:07.044  1363  1363 V GPSDevice: [2] onNmeaMessage 1633185787 $GNZDA,144312.00,02,10,2021,,*7B
10-02 15:43:07.060  1363  1363 V GPSDevice: [2] onNmeaMessage 1633185787 $PSEPU,13.4,8.4,6.1,5.8,10.4,2.61,1.61,9.1,0.83,1.37,2.06*75
10-02 15:43:07.062  1363  1363 V GPSDevice: [2] onNmeaMessage 1633185787 $PSVLF,7.40,7.40,10.8,1.40,7.27,0.60*57
10-02 15:43:07.067  1363  1363 V GPSDevice: [2] onLocationChanged 1098219520 loc=43.645745,-72.464138 alt=287.74 horAcc=8.40 bearing=10.80 gpsSpeed=2.06 sats=12
10-02 15:43:07.067  1363  1363 V GPSDevice: [2] getBestSpeed horAcc > 4m, reset MAs and use gps speed
10-02 15:43:07.067  1363  1363 V GPSDevice: [2] notifyGpsData GpsData [ loc=43.645745,-72.464138 alt=287.74 moving=true spd=2.06 spdIsGps=true horAcc=8.40 dist=12.09 head=10.80 sats=12]
10-02 15:43:07.070  1363  1476 V BANordicBluetoothGattServer: [150] onHciMesg [10:60] RECEIVE_RAW_DATA_FROM_CENTRAL (handle: 4, service UUID: EE06, characteristic UUID: E036)
10-02 15:43:07.071  1363  1552 V CruxCapabilityHelper: [174] notifyCruxRateAccumData CruxRateAccumPacket [CADENCE=0.0 REVS=0.0]
10-02 15:43:07.072  1363  1552 V notifyCrankRevsData: [174] com.wahoofitness.connector.conn.characteristics.crux.e$d@e2ebd50
10-02 15:43:07.072  1363  1552 V CruxCapabilityHelper: [174] notifyCruxRateAccumData CruxRateAccumPacket [CADENCE_BIKE=0.0 CRANK_REVS=0.0]
10-02 15:43:07.073  1363  1552 V CruxCapabilityHelper: [174] notifyCruxInstantData CruxInstantPacket [TORQUE_BIKE 0.0]
10-02 15:43:07.073  1363  1552 V CruxCapabilityHelper: [174] notifyCruxDeltaData CruxDeltaPacket [WORK deltaMs = 248 deltaValue = 0.0]
10-02 15:43:07.073  1363  1552 V CruxCapabilityHelper: [174] notifyCruxDeltaData CruxDeltaPacket [WORK_BIKE deltaMs = 248 deltaValue = 0.0]
10-02 15:43:07.074  1363  1552 V CruxCapabilityHelper: [174] notifyCruxRateAccumData CruxRateAccumPacket [CALORIE_RATE=0.0 CALORIES=0.0]
10-02 15:43:07.074  1363  1552 V CruxCapabilityHelper: [174] notifyCruxRateAccumData CruxRateAccumPacket [CALORIE_RATE_PWR=0.0 CALORIES_PWR=0.0]
10-02 15:43:07.082  1363  1363 V GPSDevice: [2] onNmeaMessage 1633185787 $PSGME,21,1,01,02,0,571409.348490699,26,31.7,21995535.174,204.200,0.2,12,629482.621,0.00519,1,48,111,9,4,1,1,01073,N,F,1
10-02 15:43:07.083  1363  1363 V GPSDevice: [2] onNmeaMessage 1633185787 $PSGME,21,2,01,05,0,571409.354673479,16,33.0,20141984.528,-140.882,0.1,09,-333260.710,0.00325,1,78,316,9,4,1,1,00740,P,F
10-02 15:43:07.101  1363  1476 V BANordicBluetoothGattServer: [150] onHciMesg [10:60] RECEIVE_RAW_DATA_FROM_CENTRAL (handle: 4, service UUID: EE06, characteristic UUID: E036)
10-02 15:43:07.103  1363  1363 V GPSDevice: [2] onNmeaMessage 1633185787 $PSGME,21,3,01,06,0,571409.338151664,143,15.2,25095099.958,473.747,1.1,01,1786140.344,0.02792,2,06,113,9,4,2,1,02489,N,F
10-02 15:43:07.121  1363  1363 V GPSDevice: [2] onNmeaMessage 1633185787 $PSGME,21,4,01,07,0,571409.338083880,36,25.2,25115421.078,-224.618,0.3,01,-412302.298,0.00714,2,09,055,9,4,1,0,01180,P,F
10-02 15:43:07.123  1363  1363 V GPSDevice: [2] onNmeaMessage 1633185787 $PSGME,21,5,01,11,0,0.000000000,,0.0,0.000,0.000,0.0,00,0.000,0.00000,0,38,104,,,,,,,,1,0*6A
10-02 15:43:07.136  1363  1476 V BANordicBluetoothGattServer: [150] onHciMesg [10:60] RECEIVE_RAW_DATA_FROM_CENTRAL (handle: 4, service UUID: EE06, characteristic UUID: E036)
10-02 15:43:07.138  1363  1363 V GPSDevice: [2] onNmeaMessage 1633185787 $PSGME,21,6,01,13,0,571409.350140044,50,29.4,21501074.129,-636.156,0.2,01,-2075527.568,0.00974,2,45,157,9,4,2,1,03343,P,
10-02 15:43:07.139  1363  1548 V notifyHeartrateData: [171] Heartrate.Data [91bpm]
10-02 15:43:07.140  1363  1548 V CruxCapabilityHelper: [171] notifyCruxRateAccumData CruxRateAccumPacket [HEARTRATE=1.5333333015441895 HEART_BEATS=0.7487750053405762]
10-02 15:43:07.143  1363  1548 V CruxCapabilityHelper: [171] notifyCruxRateAccumData CruxRateAccumPacket [CALORIE_RATE=0.06255175918340683 CALORIES=0.030275583267211914]
10-02 15:43:07.144  1363  1548 V CruxCapabilityHelper: [171] notifyCruxRateAccumData CruxRateAccumPacket [CALORIE_RATE_HR=0.06255175918340683 CALORIES_HR=0.030275583267211914]
10-02 15:43:07.144  1363  1363 V BAAmbientLightManager: [2] << SensorEventListener onSensorChanged 425000
10-02 15:43:07.159  1363  1363 V GPSDevice: [2] onNmeaMessage 1633185787 $PSGME,21,7,01,15,0,571409.346020018,56,31.7,22736226.676,-826.068,0.2,01,-2697879.298,0.01104,2,29,195,9,4,2,1,04341,P,
10-02 15:43:07.161  1363  1363 V GPSDevice: [2] onNmeaMessage 1633185787 $PSGME,21,8,01,18,0,571409.340532746,30,25.9,24381269.385,-734.718,0.3,01,-2032791.536,0.00584,1,12,298,9,4,2,1,03860,P,
10-02 15:43:07.177  1363  1363 V GPSDevice: [2] onNmeaMessage 1633185787 $PSGME,21,9,01,20,0,571409.352641682,16,38.0,20751101.744,175.113,0.1,1A,519161.591,0.00325,1,57,055,9,4,1,1,00920,N,F,1
10-02 15:43:07.199  1363  1476 V BANordicBluetoothGattServer: [150] onHciMesg [10:60] RECEIVE_RAW_DATA_FROM_CENTRAL (handle: 4, service UUID: EE06, characteristic UUID: E036)
10-02 15:43:07.202  1363  1363 V GPSDevice: [2] onNmeaMessage 1633185787 $PSGME,21,10,01,25,0,571409.336718035,80,26.8,25524891.135,438.485,0.3,01,1521197.160,0.01558,2,03,238,9,4,2,1,02304,N,F
10-02 15:43:07.205  1363  1363 V GPSDevice: [2] onNmeaMessage 1633185787 $PSGME,21,11,01,26,0,0.000000000,,0.0,0.000,0.000,0.0,00,0.000,0.00000,0,02,321,,,,,,,,1,0*57
10-02 15:43:07.222  1363  1363 V GPSDevice: [2] onNmeaMessage 1633185787 $PSGME,21,12,01,29,0,571409.351462047,76,42.3,21104747.542,-245.077,0.1,12,-968874.470,0.01494,2,56,282,9,4,1,1,01287,P,
10-02 15:43:07.225  1363  1363 V GPSDevice: [2] onNmeaMessage 1633185787 $PSGME,21,13,01,30,0,571409.338732009,163,24.0,24921116.941,-477.128,0.4,01,-1214810.157,0.03182,2,10,087,9,4,1,0,02507,
10-02 15:43:07.233  1363  1476 V BANordicBluetoothGattServer: [150] onHciMesg [10:60] RECEIVE_RAW_DATA_FROM_CENTRAL (handle: 4, service UUID: EE06, characteristic UUID: E036)
10-02 15:43:07.238  1363  1363 V GPSDevice: [2] onNmeaMessage 1633185787 $PSGME,21,14,02,66,0,63791.349214033,13,24.4,21778677.641,564.441,0.3,09,1935640.584,0.00260,1,27,036,9,4,1,1,03011,N,F,
10-02 15:43:07.243  1363  1363 V GPSDevice: [2] onNmeaMessage 1633185787 $PSGME,21,15,02,67,0,63791.357800968,70,32.3,19204379.221,-25.852,0.2,01,3000.374,0.01364,2,83,024,9,4,1,1,00138,P,F,1,5
10-02 15:43:07.267  1363  1363 V GPSDevice: [2] onNmeaMessage 1633185787 $PSGME,21,16,02,68,0,63791.352142425,63,30.7,20900767.907,-708.362,0.2,01,-2101058.881,0.01234,2,40,218,9,4,1,1,03793,P,
10-02 15:43:07.316  1363  1363 V GPSDevice: [2] onNmeaMessage 1633185787 $PSGME,21,17,02,74,0,0.000000000,,0.0,0.000,0.000,0.0,00,0.000,0.00000,0,01,329,,,,,,,,1,0*5E
10-02 15:43:07.317  1363  1363 V GPSDevice: [2] onNmeaMessage 1633185787 $PSGME,21,18,02,75,0,0.000000000,,0.0,0.000,0.000,0.0,00,0.000,0.00000,0,02,017,,,,,,,,1,0*5D
10-02 15:43:07.317  1363  1363 V GPSDevice: [2] onNmeaMessage 1633185787 $PSGME,21,19,02,81,0,63791.349462898,63,25.3,21704069.713,550.799,0.3,09,1837779.704,0.01234,2,28,137,9,4,1,1,02947,N,F,
10-02 15:43:07.317  1363  1363 V GPSDevice: [2] onNmeaMessage 1633185787 $PSGME,21,20,02,82,0,63791.357778044,36,27.1,19211251.680,-29.066,0.3,01,-27774.173,0.00714,2,79,109,9,4,1,1,00155,P,F,1
10-02 15:43:07.319  1363  1363 V GPSDevice: [2] onNmeaMessage 1633185787 $PSGME,21,21,02,83,0,0.000000000,,22.4,0.000,-669.872,0.4,09,73459.555,0.00000,0,46,327,9,1,2,0,03583,P,F,1,3*65
10-02 15:43:07.331  1363  1476 V BANordicBluetoothGattServer: [150] onHciMesg [10:60] RECEIVE_RAW_DATA_FROM_CENTRAL (handle: 4, service UUID: EE06, characteristic UUID: E036)
10-02 15:43:07.332  1363  1552 E crux_coded_time_accumulator.c/crux_coded_time_accumulator_add_avg_time_ticks: add huge delta_system_time_ms 747590 512251 235339
10-02 15:43:07.332  1363  1552 E crux_decode_processor_pwr_only.c/pwr_only_check_time: delta system time is too big
10-02 15:43:07.362  1363  1476 V BANordicBluetoothGattServer: [150] onHciMesg [10:60] RECEIVE_RAW_DATA_FROM_CENTRAL (handle: 4, service UUID: EE06, characteristic UUID: E036)
10-02 15:43:07.385  1363  1363 V StdLocationProcessorGps: [2] checkNewData fixDeltaMs -1632087567547
10-02 15:43:07.392  1363  1476 V BANordicBluetoothGattServer: [150] onHciMesg [10:60] RECEIVE_RAW_DATA_FROM_CENTRAL (handle: 4, service UUID: EE06, characteristic UUID: E036)
10-02 15:43:07.410  1363  1476 V BANordicBluetoothGattServer: [150] onHciMesg [10:60] RECEIVE_RAW_DATA_FROM_CENTRAL (handle: 4, service UUID: EE06, characteristic UUID: E036)
10-02 15:43:07.470  1363  1566 V CmdQueue-BTLECmdQueue: [186] add BxCA-FILE-306 1
10-02 15:43:07.471  1363  1413 V BBtleManager: [110] >> SVR notif BxCA-FILE-306 [0C 07 08 00]
10-02 15:43:07.471  1363  1413 V CmdQueue-BANordicHciAdapter: [110] add HCI:47 1
10-02 15:43:07.472  1363  1413 V CmdQueue-BTLECmdQueue: [110] >> BxCA-FILE-306 1
10-02 15:43:07.472  1363  1469 V CmdQueue-BANordicHciAdapter: [112] >> HCI:47 1
10-02 15:43:07.478  1363  1476 V BBtleManager: [150] << SVR notif sent OK
10-02 15:43:07.479  1363  1413 V CmdQueue-BTLECmdQueue: [110] << BxCA-FILE-306 8ms
10-02 15:43:07.479  1363  1469 V CmdQueue-BANordicHciAdapter: [112] << HCI:47 7ms
10-02 15:43:07.558  1363  1476 V BANordicBluetoothGattServer: [150] onHciMesg [10:60] RECEIVE_RAW_DATA_FROM_CENTRAL (handle: 4, service UUID: EE06, characteristic UUID: E036)
10-02 15:43:07.573  1363  1476 V BANordicAntChannelManagerDevice-ANT:HRM:38333 1: [150] onAntChannelEvent RX_FAIL
10-02 15:43:07.574  1363  1552 V CruxCapabilityHelper: [174] notifyCruxInstantData CruxInstantPacket [POWER_BIKE_TORQUE_EFFECTIVENESS_LEFT 91.0]
10-02 15:43:07.576  1363  1552 V CruxCapabilityHelper: [174] notifyCruxInstantData CruxInstantPacket [POWER_BIKE_TORQUE_EFFECTIVENESS_RIGHT 0.0]
10-02 15:43:07.578  1363  1552 V CruxCapabilityHelper: [174] notifyCruxInstantData CruxInstantPacket [POWER_BIKE_PEDAL_SMOOTHNESS_LEFT 24.0]
10-02 15:43:07.580  1363  1552 V CruxCapabilityHelper: [174] notifyCruxInstantData CruxInstantPacket [POWER_BIKE_PEDAL_SMOOTHNESS_RIGHT 0.0]
10-02 15:43:07.623  1363  1476 V BANordicBluetoothGattServer: [150] onHciMesg [10:60] RECEIVE_RAW_DATA_FROM_CENTRAL (handle: 4, service UUID: EE06, characteristic UUID: E036)
10-02 15:43:07.752  1363  1476 I chatty  : uid=10047(com.wahoofitness.bolt) HciSerialTransp identical 3 lines
10-02 15:43:07.785  1363  1476 V BANordicBluetoothGattServer: [150] onHciMesg [10:60] RECEIVE_RAW_DATA_FROM_CENTRAL (handle: 4, service UUID: EE06, characteristic UUID: E036)
10-02 15:43:07.819  1363  1476 V BANordicAntChannelManagerDevice-ANT:PM:8805 2: [150] onAntChannelEvent RX_FAIL
10-02 15:43:07.827  1363  1363 V BaromHelper: [2] notifyPressureData PressureCapabilityData [pressureNpM2=98513 stdElevM=240 calibElevM=291.64644704581934]
10-02 15:43:07.848  1363  1476 V BANordicBluetoothGattServer: [150] onHciMesg [10:60] RECEIVE_RAW_DATA_FROM_CENTRAL (handle: 4, service UUID: EE06, characteristic UUID: E036)
10-02 15:43:07.883  1363  1476 I chatty  : uid=10047(com.wahoofitness.bolt) HciSerialTransp identical 1 line
10-02 15:43:07.907  1363  1476 V BANordicBluetoothGattServer: [150] onHciMesg [10:60] RECEIVE_RAW_DATA_FROM_CENTRAL (handle: 4, service UUID: EE06, characteristic UUID: E036)
10-02 15:43:07.968  1363  1363 V GPSDevice: [2] onNmeaMessage 1633185787 $GPGGA,144313.00,4338.7465,N,07227.8481,W,1,12,0.8,292.7,M,-32.7,M,,*59
10-02 15:43:07.971  1363  1363 V GPSDevice: [2] onNmeaMessage 1633185787 $GNGLL,4338.7465,N,07227.8481,W,144313.00,A,A*6C
10-02 15:43:07.974  1363  1566 V CmdQueue-BTLECmdQueue: [186] add BxCA-FILE-306 1
10-02 15:43:07.974  1363  1363 V GPSDevice: [2] onNmeaMessage 1633185787 $GNGSA,A,3,02,05,06,13,15,18,20,29,,,,,1.4,0.8,1.1,1*3B
10-02 15:43:07.975  1363  1413 V BBtleManager: [110] >> SVR notif BxCA-FILE-306 [0C 07 08 00]
10-02 15:43:07.975  1363  1413 V CmdQueue-BANordicHciAdapter: [110] add HCI:47 1
10-02 15:43:07.975  1363  1413 V CmdQueue-BTLECmdQueue: [110] >> BxCA-FILE-306 1
10-02 15:43:07.976  1363  1469 V CmdQueue-BANordicHciAdapter: [112] >> HCI:47 1
10-02 15:43:07.983  1363  1476 V BBtleManager: [150] << SVR notif sent OK
10-02 15:43:07.983  1363  1469 V CmdQueue-BANordicHciAdapter: [112] << HCI:47 7ms
10-02 15:43:07.984  1363  1413 V CmdQueue-BTLECmdQueue: [110] << BxCA-FILE-306 10ms
10-02 15:43:07.993  1363  1363 V GPSDevice: [2] onNmeaMessage 1633185787 $GNGSA,A,3,66,68,81,82,,,,,,,,,1.4,0.8,1.1,2*32
10-02 15:43:07.993  1363  1363 V GPSDevice: [2] onNmeaMessage 1633185787 $GPGSV,4,1,13,02,48,111,30,05,78,316,33,06,06,113,15,07,09,055,23,0*68
10-02 15:43:07.995  1363  1363 V GPSDevice: [2] onNmeaMessage 1633185787 $GPGSV,4,2,13,11,38,104,,13,45,157,28,15,29,195,32,18,12,298,28,0*65
10-02 15:43:08.014  1363  1363 V GPSDevice: [2] onNmeaMessage 1633185788 $GPGSV,4,3,13,20,57,055,34,25,03,238,25,26,02,321,,29,56,281,42,0*6E
10-02 15:43:08.016  1363  1363 V GPSDevice: [2] onNmeaMessage 1633185788 $GPGSV,4,4,13,30,10,087,25,,,,,,,,,,,,,0*5D
10-02 15:43:08.018  1363  1363 V GPSDevice: [2] onNmeaMessage 1633185788 $GLGSV,2,1,08,66,27,036,27,67,83,024,28,68,40,218,30,74,01,329,,0*79
10-02 15:43:08.041  1363  1363 V GPSDevice: [2] onNmeaMessage 1633185788 $GLGSV,2,2,08,75,02,017,,81,28,137,25,82,79,109,25,83,46,327,24,0*74
10-02 15:43:08.043  1363  1363 V GPSDevice: [2] onNmeaMessage 1633185788 $GNRMC,144313.00,A,4338.7465,N,07227.8481,W,5.4,7.7,021021,,,A,V*20
10-02 15:43:08.043  1363  1363 V GPSDevice: [2] onNmeaMessage 1633185788 $GNVTG,7.7,T,,M,5.4,N,9.9,K,A*12
10-02 15:43:08.044  1363  1363 V GPSDevice: [2] onNmeaMessage 1633185788 $GNZDA,144313.00,02,10,2021,,*7A
10-02 15:43:08.046  1363  1363 V GPSDevice: [2] onNmeaMessage 1633185788 $PSEPU,13.3,8.6,6.2,6.0,10.1,2.54,1.62,7.0,0.85,1.38,1.96*74
10-02 15:43:08.070  1363  1552 V CruxCapabilityHelper: [174] notifyCruxRateAccumData CruxRateAccumPacket [CADENCE=1.4143646955490112 REVS=0.7064751982688904]
10-02 15:43:08.071  1363  1552 V notifyCrankRevsData: [174] com.wahoofitness.connector.conn.characteristics.crux.e$d@7799b03
10-02 15:43:08.071  1363  1363 V GPSDevice: [2] onNmeaMessage 1633185788 $PSVLF,10.03,9.93,7.7,1.33,9.83,1.50*59
10-02 15:43:08.071  1363  1552 V CruxCapabilityHelper: [174] notifyCruxRateAccumData CruxRateAccumPacket [CADENCE_BIKE=1.4143646955490112 CRANK_REVS=0.7064751982688904]
10-02 15:43:08.072  1363  1552 V CruxCapabilityHelper: [174] notifyCruxInstantData CruxInstantPacket [TORQUE_BIKE 48.125]
10-02 15:43:08.073  1363  1552 V CruxCapabilityHelper: [174] notifyCruxInstantData CruxInstantPacket [POWER 143.48435974121094]
10-02 15:43:08.074  1363  1552 V CruxCapabilityHelper: [174] notifyCruxDeltaData CruxDeltaPacket [WORK deltaMs = 999 deltaValue = 213.6227569580078]
10-02 15:43:08.074  1363  1552 V CruxCapabilityHelper: [174] notifyCruxInstantData CruxInstantPacket [POWER_BIKE 143.48435974121094]
10-02 15:43:08.075  1363  1552 V CruxCapabilityHelper: [174] notifyCruxDeltaData CruxDeltaPacket [WORK_BIKE deltaMs = 999 deltaValue = 213.6227569580078]
10-02 15:43:08.077  1363  1363 V GPSDevice: [2] onLocationChanged 1098220520 loc=43.645775,-72.464135 alt=287.94 horAcc=8.60 bearing=7.70 gpsSpeed=2.76 sats=12
10-02 15:43:08.077  1363  1363 V GPSDevice: [2] getBestSpeed horAcc > 4m, reset MAs and use gps speed
10-02 15:43:08.078  1363  1363 V GPSDevice: [2] notifyGpsData GpsData [ loc=43.645775,-72.464135 alt=287.94 moving=true spd=2.76 spdIsGps=true horAcc=8.60 dist=15.43 head=7.70 sats=12]
10-02 15:43:08.078  1363  1552 V CruxCapabilityHelper: [174] notifyCruxRateAccumData CruxRateAccumPacket [CALORIE_RATE=0.42767319083213806 CALORIES=0.21362276375293732]
10-02 15:43:08.078  1363  1552 V CruxCapabilityHelper: [174] notifyCruxRateAccumData CruxRateAccumPacket [CALORIE_RATE_PWR=0.42767319083213806 CALORIES_PWR=0.21362276375293732]
10-02 15:43:08.081  1363  1363 V GPSDevice: [2] onNmeaMessage 1633185788 $PSGME,21,1,01,02,0,571410.348490000,40,29.9,21995864.879,205.202,0.2,09,630554.603,0.00779,2,48,111,9,4,2,1,01078,N,F,1
10-02 15:43:08.089  1363  1363 V GPSDevice: [2] onNmeaMessage 1633185788 $PSGME,21,2,01,05,0,571410.354673950,13,32.5,20141963.284,-140.191,0.1,01,-333996.699,0.00260,1,78,316,9,4,2,1,00736,P,F
10-02 15:43:08.110  1363  1476 V BANordicBluetoothGattServer: [150] onHciMesg [10:60] RECEIVE_RAW_DATA_FROM_CENTRAL (handle: 4, service UUID: EE06, characteristic UUID: E036)
10-02 15:43:08.111  1363  1363 V GPSDevice: [2] onNmeaMessage 1633185788 $PSGME,21,3,01,06,0,571410.338150091,136,14.2,25095691.568,473.689,1.0,09,1788628.423,0.02662,2,06,113,9,4,0,1,02489,N,F
10-02 15:43:08.113  1363  1363 V GPSDevice: [2] onNmeaMessage 1633185788 $PSGME,21,4,01,07,0,571410.338084633,33,22.4,25115315.261,-222.349,0.5,01,-413487.364,0.00649,2,09,055,9,4,1,0,01168,P,F
10-02 15:43:08.118  1363  1363 V GPSDevice: [2] onNmeaMessage 1633185788 $PSGME,21,5,01,11,0,0.000000000,,0.0,0.000,0.000,0.0,00,0.000,0.00000,0,38,104,,,,,,,,1,0*6A
10-02 15:43:08.127  1363  1548 V notifyHeartrateData: [171] Heartrate.Data [95bpm]
10-02 15:43:08.127  1363  1548 V CruxCapabilityHelper: [171] notifyCruxRateAccumData CruxRateAccumPacket [HEARTRATE=1.5833333730697632 HEART_BEATS=1.5380749702453613]
10-02 15:43:08.129  1363  1548 V CruxCapabilityHelper: [171] notifyCruxRateAccumData CruxRateAccumPacket [CALORIE_RATE=0.06789592653512955 CALORIES=0.06437592953443527]
10-02 15:43:08.131  1363  1548 V CruxCapabilityHelper: [171] notifyCruxRateAccumData CruxRateAccumPacket [CALORIE_RATE_HR=0.06789592653512955 CALORIES_HR=0.06437592953443527]
10-02 15:43:08.136  1363  1363 V GPSDevice: [2] onNmeaMessage 1633185788 $PSGME,21,6,01,13,0,571410.350142164,50,27.6,21500558.343,-637.043,0.3,01,-2078872.975,0.00974,2,45,157,9,4,2,1,03347,P,
10-02 15:43:08.143  1363  1363 V GPSDevice: [2] onNmeaMessage 1633185788 $PSGME,21,7,01,15,0,571410.346022783,50,31.0,22735517.732,-825.550,0.2,01,-2702219.400,0.00974,2,29,195,9,4,2,1,04338,P,
10-02 15:43:08.144  1363  1363 V BAAmbientLightManager: [2] << SensorEventListener onSensorChanged 381000
10-02 15:43:08.165  1363  1363 V GPSDevice: [2] onNmeaMessage 1633185788 $PSGME,21,8,01,18,0,571410.340535192,36,27.8,24380656.222,-736.146,0.2,01,-2036655.888,0.00714,2,12,298,9,4,2,1,03868,P,
10-02 15:43:08.175  1363  1476 V BANordicBluetoothGattServer: [150] onHciMesg [10:60] RECEIVE_RAW_DATA_FROM_CENTRAL (handle: 4, service UUID: EE06, characteristic UUID: E036)
10-02 15:43:08.186  1363  1363 V GPSDevice: [2] onNmeaMessage 1633185788 $PSGME,21,9,01,20,0,571410.352641084,30,33.8,20751401.047,175.458,0.1,1A,520081.310,0.00584,1,57,055,9,4,1,1,00922,N,F,1
10-02 15:43:08.207  1363  1363 V GPSDevice: [2] onNmeaMessage 1633185788 $PSGME,21,10,01,25,0,571410.336716592,56,24.1,25525443.639,438.762,0.5,01,1523506.683,0.01104,2,03,238,9,4,2,1,02305,N,F
10-02 15:43:08.209  1363  1363 V GPSDevice: [2] onNmeaMessage 1633185788 $PSGME,21,11,01,26,0,0.000000000,,0.0,0.000,0.000,0.0,00,0.000,0.00000,0,02,321,,,,,,,,1,0*57
10-02 15:43:08.231  1363  1363 V GPSDevice: [2] onNmeaMessage 1633185788 $PSGME,21,12,01,29,0,571410.351462864,76,41.4,21104622.633,-243.625,0.1,12,-970163.085,0.01494,2,56,281,9,4,1,1,01280,P,
10-02 15:43:08.232  1363  1363 V GPSDevice: [2] onNmeaMessage 1633185788 $PSGME,21,13,01,30,0,571410.338733626,136,24.9,24920751.952,-480.330,0.3,01,-1217317.949,0.02662,2,10,087,9,4,1,0,02524,
10-02 15:43:08.246  1363  1363 V GPSDevice: [2] onNmeaMessage 1633185788 $PSGME,21,14,02,66,0,63792.349212146,20,26.3,21779363.406,566.370,0.3,01,1938665.490,0.00390,1,27,036,9,4,1,1,03022,N,F,
10-02 15:43:08.267  1363  1363 V GPSDevice: [2] onNmeaMessage 1633185788 $PSGME,21,15,02,67,0,63792.357801045,80,27.5,19204476.109,-28.045,0.2,01,2850.807,0.01558,2,83,024,9,4,1,1,00150,P,F,1,5
10-02 15:43:08.270  1363  1476 V BANordicBluetoothGattServer: [150] onHciMesg [10:60] RECEIVE_RAW_DATA_FROM_CENTRAL (handle: 4, service UUID: EE06, characteristic UUID: E036)
10-02 15:43:08.274  1363  1363 V GPSDevice: [2] onNmeaMessage 1633185788 $PSGME,21,16,02,68,0,63792.352144790,56,29.8,20900178.842,-708.757,0.2,01,-2104847.189,0.01104,2,40,218,9,4,1,1,03795,P,
10-02 15:43:08.309  1363  1476 V BANordicBluetoothGattServer: [150] onHciMesg [10:60] RECEIVE_RAW_DATA_FROM_CENTRAL (handle: 4, service UUID: EE06, characteristic UUID: E036)
10-02 15:43:08.324  1363  1552 V CruxCapabilityHelper: [174] notifyCruxRateAccumData CruxRateAccumPacket [CADENCE=1.6025038957595825 REVS=0.3798167109489441]
10-02 15:43:08.327  1363  1363 V GPSDevice: [2] onNmeaMessage 1633185788 $PSGME,21,17,02,74,0,0.000000000,,0.0,0.000,0.000,0.0,00,0.000,0.00000,0,01,329,,,,,,,,1,0*5E
10-02 15:43:08.327  1363  1363 V GPSDevice: [2] onNmeaMessage 1633185788 $PSGME,21,18,02,75,0,0.000000000,,0.0,0.000,0.000,0.0,00,0.000,0.00000,0,02,017,,,,,,,,1,0*5D
10-02 15:43:08.327  1363  1363 V GPSDevice: [2] onNmeaMessage 1633185788 $PSGME,21,19,02,81,0,63792.349461029,103,24.9,21704749.937,552.202,0.3,01,1840706.802,0.02013,2,28,137,9,4,1,1,02954,N,F
10-02 15:43:08.327  1363  1363 V GPSDevice: [2] onNmeaMessage 1633185788 $PSGME,21,20,02,82,0,63792.357778136,36,25.0,19211344.042,-26.707,0.3,09,-27923.636,0.00714,2,79,109,9,4,2,1,00142,P,F,1
10-02 15:43:08.331  1363  1363 V GPSDevice: [2] onNmeaMessage 1633185788 $PSGME,21,21,02,83,0,0.000000000,,23.6,0.000,-669.590,0.4,01,69878.413,0.00000,0,46,327,9,1,2,0,03581,P,F,1,3*6A
10-02 15:43:08.333  1363  1552 V notifyCrankRevsData: [174] com.wahoofitness.connector.conn.characteristics.crux.e$d@2c04962
10-02 15:43:08.333  1363  1552 V CruxCapabilityHelper: [174] notifyCruxRateAccumData CruxRateAccumPacket [CADENCE_BIKE=1.6025038957595825 CRANK_REVS=0.3798167109489441]
10-02 15:43:08.334  1363  1552 V CruxCapabilityHelper: [174] notifyCruxInstantData CruxInstantPacket [TORQUE_BIKE 40.75]
10-02 15:43:08.334  1363  1552 V CruxCapabilityHelper: [174] notifyCruxDeltaData CruxDeltaPacket [WORK deltaMs = 253 deltaValue = 106.00420379638672]
10-02 15:43:08.334  1363  1552 V CruxCapabilityHelper: [174] notifyCruxDeltaData CruxDeltaPacket [WORK_BIKE deltaMs = 253 deltaValue = 106.00420379638672]
10-02 15:43:08.335  1363  1552 V CruxCapabilityHelper: [174] notifyCruxRateAccumData CruxRateAccumPacket [CALORIE_RATE=0.4103047847747803 CALORIES=0.10600420087575912]
10-02 15:43:08.337  1363  1552 V CruxCapabilityHelper: [174] notifyCruxRateAccumData CruxRateAccumPacket [CALORIE_RATE_PWR=0.4103047847747803 CALORIES_PWR=0.10600420087575912]
10-02 15:43:08.370  1363  1476 V BANordicBluetoothGattServer: [150] onHciMesg [10:60] RECEIVE_RAW_DATA_FROM_CENTRAL (handle: 4, service UUID: EE06, characteristic UUID: E036)
10-02 15:43:08.385  1363  1363 V StdLocationProcessorGps: [2] checkNewData fixDeltaMs -1632087567558
10-02 15:43:08.387  1363  1363 I BAncsManager: [2] onPoll companion is neither bonded nor an iPhone
10-02 15:43:08.387  1363  1363 I BStartReminderManager: [2] [2] onPoll power tripped PWR143
10-02 15:43:08.387  1363  1363 I BStartReminderManager: [2] [2] notifyStartReminder PWR143
10-02 15:43:08.387  1363  1363 I BNotifManager: [2] [2] notifyStartReminder PWR143
10-02 15:43:08.444  1363  1363 I BNotifManager: [2] [2] update adding BNotif_StartReminder at index 0
10-02 15:43:08.445  1363  1363 D BLedManager: [2] [2] sendLedCmd sending TOP BLedCmd [2 T0#22AAFF00 T1#0 T2#22AAFF00 T3#0 T4#22AAFF00 T5#0 T6#22AAFF00 S#250 T0#0 T1#22AAFF00 T2#0 T3#22AAFF00 T4#0 T5#22AAFF00 T6#0 S#250 T0#0 T1#0 T2#0 T3#0 T4#0 S#1 REPEAT]
10-02 15:43:08.447  1363  1363 D BLedManager: [2] [2] sendLedCmd sending LEFT BLedCmd [1 L0#0 L1#0 L2#0 L3#0 L4#0 L5#0 L6#0]
10-02 15:43:08.448  1363  1363 I BNotifManager: [2] [2] update new buzzer BNotif_StartReminder
10-02 15:43:08.448  1363  1363 V BBuzzerManager: [2] sendPattern B#1479 S#50 B#0 S#5 B#1567 S#50 B#0 S#5 B#1244 S#50 B#0 S#5 B#1318 S#100 B#0
10-02 15:43:08.450  1363  1363 I BNotifManager: [2] [2] update new dlg BNotif_StartReminder
10-02 15:43:08.473  1363  1476 V BANordicBluetoothGattServer: [150] onHciMesg [10:60] RECEIVE_RAW_DATA_FROM_CENTRAL (handle: 4, service UUID: EE06, characteristic UUID: E036)
10-02 15:43:08.482  1363  1363 V BHomeActivity: [2] << BNotifManager onDlgNotifChanged
10-02 15:43:08.483  1363  1363 V BAHomeNotifHelper: [2] show heightPx=173
10-02 15:43:08.484  1363  1363 V BNotifFragment: [2] setContentView [notif-changed] set view
10-02 15:43:08.485  1363  1363 I BFooterView: [2] setFooterInfo FooterActions [left=NOTIF_NO, center=START, right=NONE]
10-02 15:43:08.498  1363  1476 V BANordicBluetoothGattServer: [150] onHciMesg [10:60] RECEIVE_RAW_DATA_FROM_CENTRAL (handle: 4, service UUID: EE06, characteristic UUID: E036)
10-02 15:43:08.563  1363  1476 I chatty  : uid=10047(com.wahoofitness.bolt) HciSerialTransp identical 2 lines
10-02 15:43:08.575  1363  1476 V BANordicBluetoothGattServer: [150] onHciMesg [10:60] RECEIVE_RAW_DATA_FROM_CENTRAL (handle: 4, service UUID: EE06, characteristic UUID: E036)
10-02 15:43:08.576  1363  1363 V Handler-BTLEGattSM-poll-LogCount: [2] increment current=700 max=700 total=700
10-02 15:43:08.643  1363  1566 V CmdQueue-BTLECmdQueue: [186] add BxCA-FILE-306 1
10-02 15:43:08.649  1363  1413 V BBtleManager: [110] >> SVR notif BxCA-FILE-306 [0C 07 09 00]
10-02 15:43:08.651  1363  1413 V CmdQueue-BANordicHciAdapter: [110] add HCI:47 1
10-02 15:43:08.652  1363  1548 V notifyHeartrateData: [171] Heartrate.Data [96bpm]
10-02 15:43:08.652  1363  1548 V CruxCapabilityHelper: [171] notifyCruxRateAccumData CruxRateAccumPacket [HEARTRATE=1.600000023841858 HEART_BEATS=0.8181166648864746]
10-02 15:43:08.652  1363  1548 V CruxCapabilityHelper: [171] notifyCruxRateAccumData CruxRateAccumPacket [CALORIE_RATE=0.06967732310295105 CALORIES=0.035356324166059494]
10-02 15:43:08.653  1363  1548 V CruxCapabilityHelper: [171] notifyCruxRateAccumData CruxRateAccumPacket [CALORIE_RATE_HR=0.06967732310295105 CALORIES_HR=0.035356324166059494]
10-02 15:43:08.653  1363  1469 V CmdQueue-BANordicHciAdapter: [112] >> HCI:47 1
10-02 15:43:08.654  1363  1413 V CmdQueue-BTLECmdQueue: [110] >> BxCA-FILE-306 1
10-02 15:43:08.662  1363  1469 V CmdQueue-BANordicHciAdapter: [112] << HCI:47 10ms
10-02 15:43:08.662  1363  1476 V BBtleManager: [150] << SVR notif sent OK
10-02 15:43:08.666  1363  1413 V CmdQueue-BTLECmdQueue: [110] << BxCA-FILE-306 20ms
10-02 15:43:08.826  1363  1476 V BANordicBluetoothGattServer: [150] onHciMesg [10:60] RECEIVE_RAW_DATA_FROM_CENTRAL (handle: 4, service UUID: EE06, characteristic UUID: E036)
10-02 15:43:08.828  1363  1552 V CruxCapabilityHelper: [174] notifyCruxInstantData CruxInstantPacket [POWER_BIKE_TORQUE_EFFECTIVENESS_LEFT 90.0]
10-02 15:43:08.829  1363  1363 V Handler-CharacteristicHelper-LogCount: [2] increment current=4700 max=4700 total=4700
10-02 15:43:08.830  1363  1552 V CruxCapabilityHelper: [174] notifyCruxInstantData CruxInstantPacket [POWER_BIKE_TORQUE_EFFECTIVENESS_RIGHT 0.0]
10-02 15:43:08.830  1363  1552 V CruxCapabilityHelper: [174] notifyCruxInstantData CruxInstantPacket [POWER_BIKE_PEDAL_SMOOTHNESS_LEFT 23.5]
10-02 15:43:08.830  1363  1552 V CruxCapabilityHelper: [174] notifyCruxInstantData CruxInstantPacket [POWER_BIKE_PEDAL_SMOOTHNESS_RIGHT 0.0]
10-02 15:43:08.858  1363  1476 V BANordicBluetoothGattServer: [150] onHciMesg [10:60] RECEIVE_RAW_DATA_FROM_CENTRAL (handle: 4, service UUID: EE06, characteristic UUID: E036)
10-02 15:43:08.890  1363  1476 I chatty  : uid=10047(com.wahoofitness.bolt) HciSerialTransp identical 1 line
10-02 15:43:08.924  1363  1476 V BANordicBluetoothGattServer: [150] onHciMesg [10:60] RECEIVE_RAW_DATA_FROM_CENTRAL (handle: 4, service UUID: EE06, characteristic UUID: E036)
10-02 15:43:08.970  1363  1363 V GPSDevice: [2] onNmeaMessage 1633185788 $GPGGA,144314.00,4338.7484,N,07227.8477,W,1,12,0.8,293.1,M,-32.7,M,,*5F
10-02 15:43:08.973  1363  1363 V GPSDevice: [2] onNmeaMessage 1633185788 $GNGLL,4338.7484,N,07227.8477,W,144314.00,A,A*6D
10-02 15:43:08.974  1363  1363 V GPSDevice: [2] onNmeaMessage 1633185788 $GNGSA,A,3,02,05,06,13,15,18,20,29,,,,,1.4,0.8,1.1,1*3B
10-02 15:43:08.995  1363  1363 V GPSDevice: [2] onNmeaMessage 1633185788 $GNGSA,A,3,66,67,68,81,,,,,,,,,1.4,0.8,1.1,2*39
10-02 15:43:08.998  1363  1363 V GPSDevice: [2] onNmeaMessage 1633185788 $GPGSV,4,1,13,02,47,111,31,05,78,316,32,06,06,113,16,07,09,055,23,0*64
10-02 15:43:09.001  1363  1363 V GPSDevice: [2] onNmeaMessage 1633185788 $GPGSV,4,2,13,11,38,104,,13,45,157,28,15,29,195,31,18,12,298,28,0*66
10-02 15:43:09.016  1363  1363 V GPSDevice: [2] onNmeaMessage 1633185789 $GPGSV,4,3,13,20,57,055,40,25,03,238,26,26,02,321,,29,56,281,39,0*62
10-02 15:43:09.019  1363  1476 V BANordicBluetoothGattServer: [150] onHciMesg [10:60] RECEIVE_RAW_DATA_FROM_CENTRAL (handle: 4, service UUID: EE06, characteristic UUID: E036)
10-02 15:43:09.020  1363  1363 V GPSDevice: [2] onNmeaMessage 1633185789 $GPGSV,4,4,13,30,10,087,26,,,,,,,,,,,,,0*5E
10-02 15:43:09.021  1363  1363 V GPSDevice: [2] onNmeaMessage 1633185789 $GLGSV,2,1,08,66,27,036,27,67,83,024,34,68,40,218,30,74,01,329,,0*74
10-02 15:43:09.040  1363  1363 V GPSDevice: [2] onNmeaMessage 1633185789 $GLGSV,2,2,08,75,02,017,,81,28,137,24,82,79,109,22,83,46,327,27,0*71
10-02 15:43:09.041  1363  1363 V GPSDevice: [2] onNmeaMessage 1633185789 $GNRMC,144314.00,A,4338.7484,N,07227.8477,W,6.4,9.6,021021,,,A,V*2D
10-02 15:43:09.045  1363  1363 V GPSDevice: [2] onNmeaMessage 1633185789 $GNVTG,9.6,T,,M,6.4,N,11.8,K,A*26
10-02 15:43:09.046  1363  1363 V GPSDevice: [2] onNmeaMessage 1633185789 $GNZDA,144314.00,02,10,2021,,*7D
10-02 15:43:09.050  1363  1476 V BANordicBluetoothGattServer: [150] onHciMesg [10:60] RECEIVE_RAW_DATA_FROM_CENTRAL (handle: 4, service UUID: EE06, characteristic UUID: E036)
10-02 15:43:09.069  1363  1476 V BANordicAntChannelManagerDevice-ANT:HRM:38333 1: [150] onAntChannelEvent RX_FAIL
10-02 15:43:09.071  1363  1552 V CruxCapabilityHelper: [174] notifyCruxRateAccumData CruxRateAccumPacket [CADENCE=1.7414965629577637 REVS=1.2497198581695557]
10-02 15:43:09.071  1363  1363 V GPSDevice: [2] onNmeaMessage 1633185789 $PSEPU,16.3,11.0,8.0,7.5,12.0,2.68,1.64,6.7,0.91,1.36,2.12*4F
10-02 15:43:09.071  1363  1363 V GPSDevice: [2] onNmeaMessage 1633185789 $PSVLF,12.00,11.83,9.6,1.97,11.67,2.07*53
10-02 15:43:09.072  1363  1552 V notifyCrankRevsData: [174] com.wahoofitness.connector.conn.characteristics.crux.e$d@418d6e3
10-02 15:43:09.072  1363  1363 V GPSDevice: [2] onLocationChanged 1098221520 loc=43.645807,-72.464128 alt=288.34 horAcc=11.00 bearing=9.60 gpsSpeed=3.29 sats=12
10-02 15:43:09.072  1363  1363 V GPSDevice: [2] getBestSpeed horAcc > 4m, reset MAs and use gps speed
10-02 15:43:09.073  1363  1552 V CruxCapabilityHelper: [174] notifyCruxRateAccumData CruxRateAccumPacket [CADENCE_BIKE=1.7414965629577637 CRANK_REVS=1.2497198581695557]
10-02 15:43:09.073  1363  1552 V CruxCapabilityHelper: [174] notifyCruxInstantData CruxInstantPacket [TORQUE_BIKE 20.4375]
10-02 15:43:09.073  1363  1363 V GPSDevice: [2] notifyGpsData GpsData [ loc=43.645807,-72.464128 alt=288.34 moving=true spd=3.29 spdIsGps=true horAcc=11.00 dist=18.99 head=9.60 sats=12]
10-02 15:43:09.073  1363  1552 V CruxCapabilityHelper: [174] notifyCruxInstantData CruxInstantPacket [POWER 308.95196533203125]
10-02 15:43:09.074  1363  1552 V CruxCapabilityHelper: [174] notifyCruxDeltaData CruxDeltaPacket [WORK deltaMs = 748 deltaValue = 237.09165954589844]
10-02 15:43:09.074  1363  1552 V CruxCapabilityHelper: [174] notifyCruxInstantData CruxInstantPacket [POWER_BIKE 308.95196533203125]
10-02 15:43:09.074  1363  1552 V CruxCapabilityHelper: [174] notifyCruxDeltaData CruxDeltaPacket [WORK_BIKE deltaMs = 748 deltaValue = 237.09165954589844]
10-02 15:43:09.074  1363  1552 V CruxCapabilityHelper: [174] notifyCruxRateAccumData CruxRateAccumPacket [CALORIE_RATE=0.22363010048866272 CALORIES=0.23709166049957275]
10-02 15:43:09.075  1363  1552 V CruxCapabilityHelper: [174] notifyCruxRateAccumData CruxRateAccumPacket [CALORIE_RATE_PWR=0.22363010048866272 CALORIES_PWR=0.23709166049957275]
10-02 15:43:09.080  1363  1363 V GPSDevice: [2] onNmeaMessage 1633185789 $PSGME,21,1,01,02,0,571411.348489302,53,30.2,21996193.875,204.292,0.2,01,631631.001,0.01039,2,47,111,9,4,2,1,01073,N,F,1
10-02 15:43:09.082  1363  1363 V GPSDevice: [2] onNmeaMessage 1633185789 $PSGME,21,2,01,05,0,571411.354674391,40,31.9,20141950.978,-140.283,0.2,01,-334732.750,0.00779,2,78,316,9,4,2,1,00737,P,F
10-02 15:43:09.102  1363  1363 V GPSDevice: [2] onNmeaMessage 1633185789 $PSGME,21,3,01,06,0,571411.338148504,140,16.0,25096287.014,474.277,0.8,01,1791120.335,0.02727,2,06,113,9,4,2,1,02492,N,F
10-02 15:43:09.115  1363  1476 V BANordicBluetoothGattServer: [150] onHciMesg [10:60] RECEIVE_RAW_DATA_FROM_CENTRAL (handle: 4, service UUID: EE06, characteristic UUID: E036)
10-02 15:43:09.123  1363  1363 V GPSDevice: [2] onNmeaMessage 1633185789 $PSGME,21,4,01,07,0,571411.338085383,33,22.9,25115210.422,-226.023,0.5,01,-414669.571,0.00649,2,09,055,9,4,1,0,01187,P,F
10-02 15:43:09.123  1363  1363 V GPSDevice: [2] onNmeaMessage 1633185789 $PSGME,21,5,01,11,0,0.000000000,,0.0,0.000,0.000,0.0,00,0.000,0.00000,0,38,104,,,,,,,,1,0*6A
10-02 15:43:09.140  1363  1363 V GPSDevice: [2] onNmeaMessage 1633185789 $PSGME,21,6,01,13,0,571411.350144259,76,27.2,21500050.161,-637.412,0.3,01,-2082222.674,0.01494,2,45,157,9,4,2,1,03349,P,
10-02 15:43:09.143  1363  1363 V GPSDevice: [2] onNmeaMessage 1633185789 $PSGME,21,7,01,15,0,571411.346025532,53,30.3,22734813.686,-824.951,0.2,01,-2706556.239,0.01039,2,29,195,9,4,2,1,04335,P,
10-02 15:43:09.144  1363  1363 V BAAmbientLightManager: [2] << SensorEventListener onSensorChanged 365000
10-02 15:43:09.162  1363  1363 V GPSDevice: [2] onNmeaMessage 1633185789 $PSGME,21,8,01,18,0,571411.340537637,43,27.6,24380043.050,-736.123,0.2,01,-2040524.056,0.00844,2,12,298,9,4,2,1,03868,P,
10-02 15:43:09.185  1363  1363 V GPSDevice: [2] onNmeaMessage 1633185789 $PSGME,21,9,01,20,0,571411.352640509,20,39.4,20751693.231,175.251,0.1,01,521001.089,0.00390,1,57,055,9,4,1,1,00920,N,F,1
10-02 15:43:09.202  1363  1363 V GPSDevice: [2] onNmeaMessage 1633185789 $PSGME,21,10,01,25,0,571411.336715114,66,25.2,25526006.625,440.594,0.3,01,1525817.068,0.01299,2,03,238,9,4,2,1,02315,N,F
10-02 15:43:09.206  1363  1363 V GPSDevice: [2] onNmeaMessage 1633185789 $PSGME,21,11,01,26,0,0.000000000,,0.0,0.000,0.000,0.0,00,0.000,0.00000,0,02,321,,,,,,,,1,0*57
10-02 15:43:09.213  1363  1476 V BANordicBluetoothGattServer: [150] onHciMesg [10:60] RECEIVE_RAW_DATA_FROM_CENTRAL (handle: 4, service UUID: EE06, characteristic UUID: E036)
10-02 15:43:09.223  1363  1363 V GPSDevice: [2] onNmeaMessage 1633185789 $PSGME,21,12,01,29,0,571411.351463689,66,38.5,21104495.245,-245.630,0.1,1A,-971450.771,0.01299,2,56,281,9,4,1,1,01290,P,
10-02 15:43:09.225  1363  1363 V GPSDevice: [2] onNmeaMessage 1633185789 $PSGME,21,13,01,30,0,571411.338735232,126,25.9,24920390.488,-478.764,0.3,01,-1219834.719,0.02468,2,10,087,9,4,1,0,02515,
10-02 15:43:09.240  1363  1363 V GPSDevice: [2] onNmeaMessage 1633185789 $PSGME,21,14,02,66,0,63793.349210226,50,26.5,21780058.678,569.308,0.3,09,1941684.251,0.00974,2,27,036,9,4,1,1,03037,N,F,
10-02 15:43:09.246  1363  1476 V BANordicBluetoothGattServer: [150] onHciMesg [10:60] RECEIVE_RAW_DATA_FROM_CENTRAL (handle: 4, service UUID: EE06, characteristic UUID: E036)
10-02 15:43:09.260  1363  1476 V BANordicBluetoothGattServer: [150] onHciMesg [10:60] RECEIVE_RAW_DATA_FROM_CENTRAL (handle: 4, service UUID: EE06, characteristic UUID: E036)
10-02 15:43:09.263  1363  1363 V GPSDevice: [2] onNmeaMessage 1633185789 $PSGME,21,15,02,67,0,63793.357801121,93,33.5,19204573.308,-27.593,0.1,01,2704.125,0.01818,2,83,024,9,4,1,1,00147,P,F,1,5
10-02 15:43:09.272  1363  1363 V GPSDevice: [2] onNmeaMessage 1633185789 $PSGME,21,16,02,68,0,63793.352147153,50,29.8,20899590.174,-706.429,0.2,01,-2108627.147,0.00974,2,40,218,9,4,1,1,03782,P,
10-02 15:43:09.277  1363  1363 V GPSDevice: [2] onNmeaMessage 1633185789 $PSGME,21,17,02,74,0,0.000000000,,0.0,0.000,0.000,0.0,00,0.000,0.00000,0,01,329,,,,,,,,1,0*5E
10-02 15:43:09.277  1363  1363 V GPSDevice: [2] onNmeaMessage 1633185789 $PSGME,21,18,02,75,0,0.000000000,,0.0,0.000,0.000,0.0,00,0.000,0.00000,0,02,017,,,,,,,,1,0*5D
10-02 15:43:09.312  1363  1363 V GPSDevice: [2] onNmeaMessage 1633185789 $PSGME,21,19,02,81,0,63793.349459156,146,23.9,21705431.511,544.826,0.5,09,1843640.579,0.02857,2,28,137,9,4,1,1,02915,N,F
10-02 15:43:09.312  1363  1363 V GPSDevice: [2] onNmeaMessage 1633185789 $PSGME,21,20,02,82,0,63793.357778196,66,21.6,19211446.085,-24.983,0.6,09,-28072.632,0.01299,2,79,109,9,4,1,1,00133,P,F,1
10-02 15:43:09.315  1363  1363 V GPSDevice: [2] onNmeaMessage 1633185789 $PSGME,21,21,02,83,0,0.000000000,,26.2,0.000,-670.042,0.3,09,66295.452,0.00000,0,46,327,9,1,1,0,03584,P,F,1,3*63
10-02 15:43:09.333  1363  1566 V CmdQueue-BTLECmdQueue: [186] add BxCA-FILE-306 1
10-02 15:43:09.333  1363  1413 V BBtleManager: [110] >> SVR notif BxCA-FILE-306 [0C 07 09 00]
10-02 15:43:09.333  1363  1413 V CmdQueue-BANordicHciAdapter: [110] add HCI:47 1
10-02 15:43:09.334  1363  1413 V CmdQueue-BTLECmdQueue: [110] >> BxCA-FILE-306 1
10-02 15:43:09.334  1363  1469 V CmdQueue-BANordicHciAdapter: [112] >> HCI:47 1
10-02 15:43:09.340  1363  1476 V BBtleManager: [150] << SVR notif sent OK
10-02 15:43:09.341  1363  1413 V CmdQueue-BTLECmdQueue: [110] << BxCA-FILE-306 8ms
10-02 15:43:09.342  1363  1469 V CmdQueue-BANordicHciAdapter: [112] << HCI:47 7ms
10-02 15:43:09.385  1363  1363 V StdLocationProcessorGps: [2] checkNewData fixDeltaMs -1632087567552
10-02 15:43:09.408  1363  1476 V BANordicBluetoothGattServer: [150] onHciMesg [10:60] RECEIVE_RAW_DATA_FROM_CENTRAL (handle: 4, service UUID: EE06, characteristic UUID: E036)
10-02 15:43:09.573  1363  1476 I chatty  : uid=10047(com.wahoofitness.bolt) HciSerialTransp identical 3 lines
