10-02 15:43:10.805  1363  1476 V BANordicBluetoothGattServer: [150] onHciMesg [10:60] RECEIVE_RAW_DATA_FROM_CENTRAL (handle: 4, service UUID: EE06, characteristic UUID: E036)
10-02 15:43:10.850  1363  1363 V StdValueHistoryHelper: [2] [2] onPoll feeding history StdValue [NOT_SOURCED CruxDefn [DISTANCE ACCUM StdPeriod [WORKOUT]]]
10-02 15:43:10.850  1363  1363 V StdValueHistoryHelper: [2] [2] onPoll feeding history StdValue [NOT_SOURCED CruxDefn [ELEVATION LAST StdPeriod [WORKOUT]]]
10-02 15:43:10.870  1363  1476 V BANordicBluetoothGattServer: [150] onHciMesg [10:60] RECEIVE_RAW_DATA_FROM_CENTRAL (handle: 4, service UUID: EE06, characteristic UUID: E01C)
10-02 15:43:10.871  1363  1476 V BANordicBluetoothGattServer: [150] onHciMesg [10:60] RECEIVE_RAW_DATA_FROM_CENTRAL (handle: 4, service UUID: EE06, characteristic UUID: E036)
10-02 15:43:10.871  1363  1566 V BWorkoutCharacteristic: [186] << onCharacteristicWriteRequest GET_WORKOUT_STATUS
10-02 15:43:10.871  1363  1566 V BWorkoutCharacteristic: [186] >> BWorkoutStateUtils getBWorkoutStatus in handleReq_GetWorkoutStatus
10-02 15:43:10.903  1363  1476 V BANordicBluetoothGattServer: [150] onHciMesg [10:60] RECEIVE_RAW_DATA_FROM_CENTRAL (handle: 4, service UUID: EE06, characteristic UUID: E036)
10-02 15:43:10.903  1363  1363 I StdSessionManager: [2] [2] [Active] onPoll localBatteryPercent=88.0
10-02 15:43:10.908  1363  1363 V StdElevationProcessorBarom: [2] checkCalibrateInWorkout no new calibration info
10-02 15:43:10.913  1363  1566 V BWorkoutCharacteristic: [186] << BWorkoutStateUtils onComplete in handleReq_GetWorkoutStatus
10-02 15:43:10.913  1363  1566 V CmdQueue-BTLECmdQueue: [186] add BxCA-WO-157 1
10-02 15:43:10.915  1363  1413 V BBtleManager: [110] >> SVR notif BxCA-WO-157 [00 1D 00 01 01 +7]
10-02 15:43:10.915  1363  1413 V CmdQueue-BANordicHciAdapter: [110] add HCI:47 1
10-02 15:43:10.916  1363  1469 V CmdQueue-BANordicHciAdapter: [112] >> HCI:47 1
10-02 15:43:10.918  1363  1413 V CmdQueue-BTLECmdQueue: [110] >> BxCA-WO-157 1
10-02 15:43:10.919  1363  1363 V StdLocationProcessorGps: [2] checkNewData fixDeltaMs -1632087568204
10-02 15:43:10.935  1363  1363 V StdSegmentManager: [2] getThread creating HandlerThreadPoster
10-02 15:43:10.936  1363  1476 V BANordicBluetoothGattServer: [150] onHciMesg [10:60] RECEIVE_RAW_DATA_FROM_CENTRAL (handle: 4, service UUID: EE06, characteristic UUID: E036)
10-02 15:43:10.937  1363  1476 V BBtleManager: [150] << SVR notif sent OK
10-02 15:43:10.937  1363  1469 V CmdQueue-BANordicHciAdapter: [112] << HCI:47 21ms
10-02 15:43:10.939  1363  1363 V HandlerThreadPoster-LogCount: [2] increment current=14 max=14 total=14
10-02 15:43:10.943  1363  1413 V CmdQueue-BTLECmdQueue: [110] << BxCA-WO-157 28ms
10-02 15:43:10.943  1363  1741 I StdSegmentManager: [243] getCheapRuler creating 43.64584833333333
10-02 15:43:10.944  1363  1363 V TempHelper: [2] notifyTemperatureData TemperatureCapabilityData [Temperature [degC=25.43000030517578]]
10-02 15:43:10.945  1363  1363 V BaromHelper: [2] notifyPressureData PressureCapabilityData [pressureNpM2=98507 stdElevM=241 calibElevM=292.07958414155246]
10-02 15:43:10.956  1363  1741 V StdGeoHashHelper: [243] [243] hashesToCoverArea lat=43.64584833333333 lng=-72.46412166666667 radiusM=1600.0
10-02 15:43:10.957  1363  1741 V StdGeoHashHelper: [243] [243] hashesToCoverArea topLat=43.65602213393984 bottomLat=43.635672809346296 leftLon=-72.4781848339207 rightLon=-72.4500632626336
10-02 15:43:10.968  1363  1476 V BANordicBluetoothGattServer: [150] onHciMesg [10:60] RECEIVE_RAW_DATA_FROM_CENTRAL (handle: 4, service UUID: EE06, characteristic UUID: E036)
10-02 15:43:11.000  1363  1476 V BANordicBluetoothGattServer: [150] onHciMesg [10:60] RECEIVE_RAW_DATA_FROM_CENTRAL (handle: 4, service UUID: EE06, characteristic UUID: E036)
10-02 15:43:11.049  1363  1741 V BADatabase: [243] query StdSegmentDao [geoHash like dru2%] returned 0 results
10-02 15:43:11.049  1363  1741 V StdRunnable: [243] StdSegmentManager-checkRefreshSegmentsPhase1 took 108 ms
10-02 15:43:11.068  1363  1476 V BANordicBluetoothGattServer: [150] onHciMesg [10:60] RECEIVE_RAW_DATA_FROM_CENTRAL (handle: 4, service UUID: EE06, characteristic UUID: E036)
10-02 15:43:11.080  1363  1363 V BTLEGattSM-TICKR755E: [2] [CONNECTING << POLL] still connecting...
10-02 15:43:11.081  1363  1548 V notifyHeartrateData: [171] Heartrate.Data [104bpm]
10-02 15:43:11.081  1363  1548 V CruxCapabilityHelper: [171] notifyCruxRateAccumData CruxRateAccumPacket [HEARTRATE=1.7333333492279053 HEART_BEATS=0.8504250049591064]
10-02 15:43:11.081  1363  1548 V CruxCapabilityHelper: [171] notifyCruxRateAccumData CruxRateAccumPacket [CALORIE_RATE=0.0839284360408783 CALORIES=0.04093760624527931]
10-02 15:43:11.081  1363  1548 V CruxCapabilityHelper: [171] notifyCruxRateAccumData CruxRateAccumPacket [CALORIE_RATE_HR=0.0839284360408783 CALORIES_HR=0.04093760624527931]
10-02 15:43:11.087  1363  1363 V GPSDevice: [2] onLocationChanged 1098223520 loc=43.645895,-72.464117 alt=287.34 horAcc=10.60 bearing=6.00 gpsSpeed=4.02 sats=12
10-02 15:43:11.087  1363  1363 V GPSDevice: [2] getBestSpeed horAcc > 4m, reset MAs and use gps speed
10-02 15:43:11.088  1363  1363 V GPSDevice: [2] notifyGpsData GpsData [ loc=43.645895,-72.464117 alt=287.34 moving=true spd=4.02 spdIsGps=true horAcc=10.60 dist=28.85 head=6.00 sats=12]
10-02 15:43:11.093  1363  1363 V GPSDevice: [2] onNmeaMessage 1633185790 $GPGGA,144316.00,4338.7537,N,07227.8470,W,1,12,0.8,292.1,M,-32.7,M,,*52
10-02 15:43:11.093  1363  1363 V GPSDevice: [2] onNmeaMessage 1633185790 $GNGLL,4338.7537,N,07227.8470,W,144316.00,A,A*61
10-02 15:43:11.093  1363  1363 V GPSDevice: [2] onNmeaMessage 1633185790 $GNGSA,A,3,02,05,06,13,15,18,20,29,,,,,1.4,0.8,1.1,1*3B
10-02 15:43:11.093  1363  1363 V GPSDevice: [2] onNmeaMessage 1633185790 $GNGSA,A,3,66,67,68,81,,,,,,,,,1.4,0.8,1.1,2*39
10-02 15:43:11.093  1363  1363 V GPSDevice: [2] onNmeaMessage 1633185790 $GPGSV,4,1,13,02,47,111,32,05,78,316,35,06,06,113,18,07,09,055,23,0*6E
10-02 15:43:11.093  1363  1363 V GPSDevice: [2] onNmeaMessage 1633185790 $GPGSV,4,2,13,11,38,104,,13,45,157,27,15,29,195,29,18,12,298,24,0*6C
10-02 15:43:11.093  1363  1363 V GPSDevice: [2] onNmeaMessage 1633185791 $GPGSV,4,3,13,20,57,055,36,25,03,238,21,26,02,321,,29,56,281,30,0*6D
10-02 15:43:11.093  1363  1363 V GPSDevice: [2] onNmeaMessage 1633185791 $GPGSV,4,4,13,30,10,087,27,,,,,,,,,,,,,0*5F
10-02 15:43:11.093  1363  1363 V GPSDevice: [2] onNmeaMessage 1633185791 $GLGSV,2,1,08,66,27,036,27,67,83,024,34,68,40,218,29,74,01,329,,0*7C
10-02 15:43:11.093  1363  1363 V GPSDevice: [2] onNmeaMessage 1633185791 $GLGSV,2,2,08,75,02,017,,81,28,137,25,82,79,109,24,83,46,327,25,0*74
10-02 15:43:11.093  1363  1363 V GPSDevice: [2] onNmeaMessage 1633185791 $GNRMC,144316.00,A,4338.7537,N,07227.8470,W,7.8,6.0,021021,,,A,V*25
10-02 15:43:11.093  1363  1363 V GPSDevice: [2] onNmeaMessage 1633185791 $GNVTG,6.0,T,,M,7.8,N,14.5,K,A*2A
10-02 15:43:11.093  1363  1363 V GPSDevice: [2] onNmeaMessage 1633185791 $GNZDA,144316.00,02,10,2021,,*7F
10-02 15:43:11.093  1363  1363 V GPSDevice: [2] onNmeaMessage 1633185791 $PSEPU,15.6,10.6,8.0,7.0,11.4,2.49,1.54,5.4,0.88,1.27,1.96*4B
10-02 15:43:11.094  1363  1363 V GPSDevice: [2] onNmeaMessage 1633185791 $PSVLF,14.47,14.47,6.0,1.50,14.37,0.60*5A
10-02 15:43:11.094  1363  1363 V GPSDevice: [2] onNmeaMessage 1633185791 $PSGME,21,1,01,02,0,571413.348487943,40,31.5,21996841.044,206.250,0.2,01,633793.555,0.00779,2,47,111,9,4,2,1,01083,N,F,1
10-02 15:43:11.094  1363  1363 V GPSDevice: [2] onNmeaMessage 1633185791 $PSGME,21,2,01,05,0,571413.354675351,10,34.1,20141902.981,-138.912,0.1,01,-336201.834,0.00195,1,78,316,9,4,1,1,00729,P,F
10-02 15:43:11.099  1363  1363 V GPSDevice: [2] onNmeaMessage 1633185791 $PSGME,21,3,01,06,0,571413.338145336,140,17.0,25097476.774,474.899,0.8,09,1796108.544,0.02727,2,06,113,9,4,2,1,02495,N,F
10-02 15:43:11.123  1363  1363 V GPSDevice: [2] onNmeaMessage 1633185791 $PSGME,21,4,01,07,0,571413.338086900,23,22.9,25114995.373,-228.419,0.5,01,-417042.651,0.00455,1,09,055,9,4,1,0,01200,P,F
10-02 15:43:11.131  1363  1476 V BANordicBluetoothGattServer: [150] onHciMesg [10:60] RECEIVE_RAW_DATA_FROM_CENTRAL (handle: 4, service UUID: EE06, characteristic UUID: E036)
10-02 15:43:11.133  1363  1363 V GPSDevice: [2] onNmeaMessage 1633185791 $PSGME,21,5,01,11,0,0.000000000,,0.0,0.000,0.000,0.0,00,0.000,0.00000,0,38,104,,,,,,,,1,0*6A
10-02 15:43:11.133  1363  1363 V GPSDevice: [2] onNmeaMessage 1633185791 $PSGME,21,6,01,13,0,571413.350148489,93,26.3,21499021.865,-635.430,0.3,01,-2088916.568,0.01818,2,45,157,9,4,2,1,03339,P,
10-02 15:43:11.145  1363  1363 V BAAmbientLightManager: [2] << SensorEventListener onSensorChanged 598000
10-02 15:43:11.150  1363  1363 V GPSDevice: [2] onNmeaMessage 1633185791 $PSGME,21,7,01,15,0,571413.346031020,66,28.3,22733408.190,-824.939,0.3,01,-2715228.425,0.01299,2,29,195,9,4,2,1,04335,P,
10-02 15:43:11.156  1363  1476 V BANordicBluetoothGattServer: [150] onHciMesg [10:60] RECEIVE_RAW_DATA_FROM_CENTRAL (handle: 4, service UUID: EE06, characteristic UUID: E036)
10-02 15:43:11.157  1363  1476 V BANordicBluetoothGattServer: [150] onHciMesg [10:60] RECEIVE_RAW_DATA_FROM_CENTRAL (handle: 4, service UUID: EE06, characteristic UUID: E01C)
10-02 15:43:11.158  1363  1476 I chatty  : uid=10047(com.wahoofitness.bolt) HciSerialTransp identical 1 line
10-02 15:43:11.159  1363  1476 V BANordicBluetoothGattServer: [150] onHciMesg [10:60] RECEIVE_RAW_DATA_FROM_CENTRAL (handle: 4, service UUID: EE06, characteristic UUID: E01C)
10-02 15:43:11.170  1363  1363 V GPSDevice: [2] onNmeaMessage 1633185791 $PSGME,21,8,01,18,0,571413.340542579,13,23.6,24378801.393,-737.033,0.5,01,-2048267.802,0.00260,1,12,298,9,4,2,1,03873,P,
10-02 15:43:11.190  1363  1363 V GPSDevice: [2] onNmeaMessage 1633185791 $PSGME,21,9,01,20,0,571413.352639351,10,35.5,20752280.233,175.274,0.1,01,522841.082,0.00195,1,57,055,9,4,1,1,00921,N,F,1
10-02 15:43:11.190  1363  1363 V GPSDevice: [2] onNmeaMessage 1633185791 $PSGME,21,10,01,25,0,571413.336712164,80,21.0,25527130.945,440.110,0.6,01,1530438.520,0.01558,2,03,238,9,4,2,1,02312,N,F
10-02 15:43:11.213  1363  1566 V CmdQueue-BTLECmdQueue: [186] add BxCA-FILE-306 1
10-02 15:43:11.213  1363  1566 V BWorkoutCharacteristic: [186] << onCharacteristicWriteRequest WORKOUT_DATA_V1
10-02 15:43:11.214  1363  1566 V BWorkoutCharacteristic: [186] handleReq_GetWorkoutDataV1 65535 LAT LAST null
10-02 15:43:11.214  1363  1566 V BWorkoutCharacteristic: [186] handleReq_GetWorkoutDataV1 LIVE LAT LAST 43.64584833333333
10-02 15:43:11.214  1363  1566 V CmdQueue-BTLECmdQueue: [186] add BxCA-WO-159 1
10-02 15:43:11.214  1363  1566 V BWorkoutCharacteristic: [186] << onCharacteristicWriteRequest WORKOUT_DATA_V1
10-02 15:43:11.215  1363  1566 V BWorkoutCharacteristic: [186] handleReq_GetWorkoutDataV1 65535 LON LAST null
10-02 15:43:11.215  1363  1566 V BWorkoutCharacteristic: [186] handleReq_GetWorkoutDataV1 LIVE LON LAST -72.46412166666667
10-02 15:43:11.215  1363  1566 V CmdQueue-BTLECmdQueue: [186] add BxCA-WO-159 2
10-02 15:43:11.215  1363  1566 V BWorkoutCharacteristic: [186] << onCharacteristicWriteRequest WORKOUT_DATA_V2_REQ_LAST
10-02 15:43:11.221  1363  1413 V BBtleManager: [110] >> SVR notif BxCA-WO-159 [02 FF FF 58 06 +13]
10-02 15:43:11.221  1363  1413 V CmdQueue-BANordicHciAdapter: [110] add HCI:47 1
10-02 15:43:11.222  1363  1413 V CmdQueue-BTLECmdQueue: [110] >> BxCA-WO-159 1
10-02 15:43:11.223  1363  1469 V CmdQueue-BANordicHciAdapter: [112] >> HCI:47 1
10-02 15:43:11.230  1363  1363 V GPSDevice: [2] onNmeaMessage 1633185791 $PSGME,21,11,01,26,0,0.000000000,,0.0,0.000,0.000,0.0,00,0.000,0.00000,0,02,321,,,,,,,,1,0*57
10-02 15:43:11.230  1363  1476 V BBtleManager: [150] << SVR notif sent OK
10-02 15:43:11.231  1363  1413 V CmdQueue-BTLECmdQueue: [110] << BxCA-WO-159 10ms
10-02 15:43:11.232  1363  1413 V BBtleManager: [110] >> SVR notif BxCA-WO-159 [02 FF FF 59 06 +13]
10-02 15:43:11.232  1363  1413 V CmdQueue-BANordicHciAdapter: [110] add HCI:47 2
10-02 15:43:11.232  1363  1413 V CmdQueue-BTLECmdQueue: [110] >> BxCA-WO-159 1
10-02 15:43:11.233  1363  1363 V GPSDevice: [2] onNmeaMessage 1633185791 $PSGME,21,12,01,29,0,571413.351465300,83,29.1,21104251.971,-244.339,0.2,01,-974023.371,0.01623,2,56,281,9,4,1,1,01284,P,
10-02 15:43:11.234  1363  1469 V CmdQueue-BANordicHciAdapter: [112] << HCI:47 12ms
10-02 15:43:11.234  1363  1469 V CmdQueue-BANordicHciAdapter: [112] >> HCI:47 1
10-02 15:43:11.235  1363  1363 V GPSDevice: [2] onNmeaMessage 1633185791 $PSGME,21,13,01,30,0,571413.338738414,130,26.9,24919676.423,-476.275,0.3,01,-1224853.570,0.02532,2,10,087,9,4,1,0,02502,
10-02 15:43:11.239  1363  1566 V BWorkoutCharacteristic: [186] handleReq_GetWorkoutDataV2 CruxBoltWorkoutDataReq [workoutNum=29 defnCount=4] remainingCount=0
10-02 15:43:11.249  1363  1476 V BANordicBluetoothGattServer: [150] onHciMesg [10:60] RECEIVE_RAW_DATA_FROM_CENTRAL (handle: 4, service UUID: EE06, characteristic UUID: E01C)
10-02 15:43:11.249  1363  1476 V BBtleManager: [150] << SVR notif sent OK
10-02 15:43:11.250  1363  1469 V CmdQueue-BANordicHciAdapter: [112] << HCI:47 15ms
10-02 15:43:11.250  1363  1413 V CmdQueue-BTLECmdQueue: [110] << BxCA-WO-159 19ms
10-02 15:43:11.250  1363  1413 V BBtleManager: [110] >> SVR notif BxCA-FILE-306 [0C 07 08 00]
10-02 15:43:11.250  1363  1413 V CmdQueue-BANordicHciAdapter: [110] add HCI:47 1
10-02 15:43:11.250  1363  1413 V CmdQueue-BTLECmdQueue: [110] >> BxCA-FILE-306 1
10-02 15:43:11.251  1363  1469 V CmdQueue-BANordicHciAdapter: [112] >> HCI:47 1
10-02 15:43:11.252  1363  1363 V GPSDevice: [2] onNmeaMessage 1633185791 $PSGME,21,14,02,66,0,63795.349206487,26,26.3,21781419.581,567.039,0.4,01,1947700.427,0.00519,1,27,036,9,4,1,1,03025,N,F,
10-02 15:43:11.253  1363  1363 V GPSDevice: [2] onNmeaMessage 1633185791 $PSGME,21,15,02,67,0,63795.357801301,93,33.1,19204759.010,-26.915,0.1,01,2411.842,0.01818,2,83,024,9,4,1,1,00144,P,F,1,5
10-02 15:43:11.257  1363  1476 V BBtleManager: [150] << SVR notif sent OK
10-02 15:43:11.258  1363  1469 V CmdQueue-BANordicHciAdapter: [112] << HCI:47 8ms
10-02 15:43:11.258  1363  1413 V CmdQueue-BTLECmdQueue: [110] << BxCA-FILE-306 8ms
10-02 15:43:11.277  1363  1363 V GPSDevice: [2] onNmeaMessage 1633185791 $PSGME,21,16,02,68,0,63795.352151853,53,28.4,20898421.097,-706.621,0.3,01,-2116182.237,0.01039,2,40,218,9,4,1,1,03783,P,
10-02 15:43:11.290  1363  1363 V GPSDevice: [2] onNmeaMessage 1633185791 $PSGME,21,17,02,74,0,0.000000000,,0.0,0.000,0.000,0.0,00,0.000,0.00000,0,01,329,,,,,,,,1,0*5E
10-02 15:43:11.291  1363  1363 V GPSDevice: [2] onNmeaMessage 1633185791 $PSGME,21,18,02,75,0,0.000000000,,0.0,0.000,0.000,0.0,00,0.000,0.00000,0,02,017,,,,,,,,1,0*5D
10-02 15:43:11.309  1363  1363 V GPSDevice: [2] onNmeaMessage 1633185791 $PSGME,21,19,02,81,0,63795.349455446,206,24.2,21706783.659,547.665,0.4,01,1849486.537,0.04026,2,28,137,9,4,2,1,02930,N,F
10-02 15:43:11.310  1363  1363 V GPSDevice: [2] onNmeaMessage 1633185791 $PSGME,21,20,02,82,0,63795.357778379,70,23.7,19211630.917,-29.383,0.4,09,-28357.995,0.01364,2,79,109,9,4,2,1,00156,P,F,1
10-02 15:43:11.315  1363  1566 V BWorkoutCharacteristic-WorkoutDataReqReceiver: [186] sendRsp
10-02 15:43:11.315  1363  1363 V BWorkoutCharacteristic: [2] >> AsyncTaskV2 handleReq_GetWorkoutDataV2 start
10-02 15:43:11.315  1363  1566 V CmdQueue-BTLECmdQueue: [186] add BxCA-WO-324 1
10-02 15:43:11.317  1363  1552 V CruxCapabilityHelper: [174] notifyCruxInstantData CruxInstantPacket [POWER_BIKE_TORQUE_EFFECTIVENESS_LEFT 2.5]
10-02 15:43:11.317  1363  1552 V CruxCapabilityHelper: [174] notifyCruxInstantData CruxInstantPacket [POWER_BIKE_TORQUE_EFFECTIVENESS_RIGHT 0.0]
10-02 15:43:11.317  1363  1552 V CruxCapabilityHelper: [174] notifyCruxInstantData CruxInstantPacket [POWER_BIKE_PEDAL_SMOOTHNESS_LEFT 0.5]
10-02 15:43:11.317  1363  1552 V CruxCapabilityHelper: [174] notifyCruxInstantData CruxInstantPacket [POWER_BIKE_PEDAL_SMOOTHNESS_RIGHT 0.0]
10-02 15:43:11.319  1363  1413 V BBtleManager: [110] >> SVR notif BxCA-WO-324 [16 01 00 00]
10-02 15:43:11.319  1363  1413 V CmdQueue-BANordicHciAdapter: [110] add HCI:47 1
10-02 15:43:11.319  1363  1413 V CmdQueue-BTLECmdQueue: [110] >> BxCA-WO-324 1
10-02 15:43:11.320  1363  1566 V BWorkoutCharacteristic: [186] onCharacteristicWriteRequest mWorkoutDataV2ReqReceiver.addPacket OK
10-02 15:43:11.320  1363  1469 V CmdQueue-BANordicHciAdapter: [112] >> HCI:47 1
10-02 15:43:11.320  1363  1566 V BWorkoutCharacteristic: [186] << onCharacteristicWriteRequest WORKOUT_DATA_V2_REQ_LAST
10-02 15:43:11.323  1363  1566 V BWorkoutCharacteristic: [186] handleReq_GetWorkoutDataV2 CruxBoltWorkoutDataReq [workoutNum=29 defnCount=22] remainingCount=0
10-02 15:43:11.324  1363  1566 V BWorkoutCharacteristic-WorkoutDataReqReceiver: [186] sendRsp
10-02 15:43:11.325  1363  1566 V CmdQueue-BTLECmdQueue: [186] add BxCA-WO-324 2
10-02 15:43:11.325  1363  1566 V BWorkoutCharacteristic: [186] onCharacteristicWriteRequest mWorkoutDataV2ReqReceiver.addPacket OK
10-02 15:43:11.325  1363  1476 V BBtleManager: [150] << SVR notif sent OK
10-02 15:43:11.326  1363  1469 V CmdQueue-BANordicHciAdapter: [112] << HCI:47 7ms
10-02 15:43:11.326  1363  1413 V CmdQueue-BTLECmdQueue: [110] << BxCA-WO-324 7ms
10-02 15:43:11.326  1363  1413 V BBtleManager: [110] >> SVR notif BxCA-WO-324 [16 02 00 00]
10-02 15:43:11.327  1363  1413 V CmdQueue-BANordicHciAdapter: [110] add HCI:47 1
10-02 15:43:11.327  1363  1413 V CmdQueue-BTLECmdQueue: [110] >> BxCA-WO-324 1
10-02 15:43:11.328  1363  1469 V CmdQueue-BANordicHciAdapter: [112] >> HCI:47 1
10-02 15:43:11.330  1363  1527 V BWorkoutCharacteristic: [168] << AsyncTaskV2 handleReq_GetWorkoutDataV2 onBackground waited 15ms
10-02 15:43:11.331  1363  1363 V GPSDevice: [2] onNmeaMessage 1633185791 $PSGME,21,21,02,83,0,0.000000000,,24.5,0.000,-674.976,0.5,09,59143.657,0.00000,0,46,327,9,1,1,0,03610,P,F,1,3*67
10-02 15:43:11.331  1363  1363 V BWorkoutCharacteristic: [2] >> AsyncTaskV2 handleReq_GetWorkoutDataV2 start
10-02 15:43:11.334  1363  1529 V BWorkoutCharacteristic: [170] << AsyncTaskV2 handleReq_GetWorkoutDataV2 onBackground waited 2ms
10-02 15:43:11.335  1363  1529 V BWorkoutCharacteristic: [170] getCruxDefnValue 29 CruxDefnValue [CruxDefn [TIME FIRST StdPeriod [WORKOUT]] 1 1.633185789E12]
10-02 15:43:11.335  1363  1527 V BWorkoutCharacteristic: [168] getCruxDefnValue 29 CruxDefnValue [CruxDefn [TIME FIRST StdPeriod [WORKOUT]] 1 1.633185789E12]
10-02 15:43:11.337  1363  1527 V BWorkoutCharacteristic: [168] getCruxDefnValue 29 CruxDefnValue [CruxDefn [DISTANCE ACCUM StdPeriod [WORKOUT]] 1 4.660531520843506]
10-02 15:43:11.337  1363  1529 V BWorkoutCharacteristic: [170] getCruxDefnValue 29 CruxDefnValue [CruxDefn [DISTANCE ACCUM StdPeriod [WORKOUT]] 1 4.660531520843506]
10-02 15:43:11.338  1363  1527 V BWorkoutCharacteristic: [168] getCruxDefnValue 29 CruxDefnValue [CruxDefn [DISTANCE ACCUM_OVER_TIME StdPeriod [WORKOUT]] 1 3.4444470405578613]
10-02 15:43:11.338  1363  1529 V BWorkoutCharacteristic: [170] getCruxDefnValue 29 CruxDefnValue [CruxDefn [DISTANCE ACCUM_OVER_TIME StdPeriod [WORKOUT]] 1 3.4444470405578613]
10-02 15:43:11.339  1363  1529 V BWorkoutCharacteristic: [170] getCruxDefnValue 29 CruxDefnValue [CruxDefn [DURATION_ACTIVE ACCUM StdPeriod [WORKOUT]] 1 2338.0]
10-02 15:43:11.339  1363  1527 V BWorkoutCharacteristic: [168] getCruxDefnValue 29 CruxDefnValue [CruxDefn [DURATION_ACTIVE ACCUM StdPeriod [WORKOUT]] 1 2338.0]
10-02 15:43:11.340  1363  1529 V BWorkoutCharacteristic: [170] getCruxDefnValue 29 CruxDefnValue [CruxDefn [SPEED MAX StdPeriod [WORKOUT]] 1 3.4444470405578613]
10-02 15:43:11.340  1363  1527 V CmdQueue-BTLECmdQueue: [168] add BxCA-WO-321-0 2
10-02 15:43:11.340  1363  1529 V BWorkoutCharacteristic: [170] getCruxDefnValue 29 CruxDefnValue [CruxDefn [POWER_BIKE MAX StdPeriod [WORKOUT]] 1 185.57479858398438]
10-02 15:43:11.342  1363  1363 V BWorkoutCharacteristic: [2] << AsyncTaskV2 handleReq_GetWorkoutDataV2 onComplete waited 15 took 11ms
10-02 15:43:11.343  1363  1529 V BWorkoutCharacteristic: [170] getCruxDefnValue 29 CruxDefnValue [CruxDefn [WORK_BIKE ACCUM_OVER_TIME StdPeriod [WORKOUT]] 1 121.15126953125]
10-02 15:43:11.343  1363  1529 V BWorkoutCharacteristic: [170] getCruxDefnValue 29 CruxDefnValue [CruxDefn [CADENCE MAX StdPeriod [WORKOUT]] 1 1.6981757879257202]
10-02 15:43:11.344  1363  1529 V BWorkoutCharacteristic: [170] getCruxDefnValue 29 CruxDefnValue [CruxDefn [REVS ACCUM_OVER_TIME StdPeriod [WORKOUT]] 1 1.7157546997070312]
10-02 15:43:11.345  1363  1529 V BWorkoutCharacteristic: [170] getCruxDefnValue 29 CruxDefnValue [CruxDefn [HEARTRATE MAX StdPeriod [WORKOUT]] 1 1.7333333492279053]
10-02 15:43:11.346  1363  1529 V BWorkoutCharacteristic: [170] getCruxDefnValue 29 CruxDefnValue [CruxDefn [HEART_BEATS ACCUM_OVER_TIME StdPeriod [WORKOUT]] 1 1.6976139727699868]
10-02 15:43:11.347  1363  1529 V BWorkoutCharacteristic: [170] getCruxDefnValue 29 CruxDefnValue [CruxDefn [DURATION_TOTAL ACCUM StdPeriod [WORKOUT]] 1 2347.0]
10-02 15:43:11.348  1363  1529 V BWorkoutCharacteristic: [170] getCruxDefnValue 29 CruxDefnValue [CruxDefn [DURATION_PAUSED ACCUM StdPeriod [WORKOUT]] 1 -1.0]
10-02 15:43:11.348  1363  1529 V BWorkoutCharacteristic: [170] getCruxDefnValue 29 CruxDefnValue [CruxDefn [WORKOUT_TYPE LAST StdPeriod [WORKOUT]] 1 0.0]
10-02 15:43:11.349  1363  1529 V BWorkoutCharacteristic: [170] getCruxDefnValue 29 CruxDefnValue [CruxDefn [POWER_BIKE_TSS LAST StdPeriod [WORKOUT]] 5 0.0]
10-02 15:43:11.349  1363  1529 V BWorkoutCharacteristic: [170] getCruxDefnValue 29 CruxDefnValue [CruxDefn [POWER_BIKE_IF LAST StdPeriod [WORKOUT]] 5 0.0]
10-02 15:43:11.349  1363  1529 V BWorkoutCharacteristic: [170] getCruxDefnValue 29 CruxDefnValue [CruxDefn [POWER_BIKE_NP LAST StdPeriod [WORKOUT]] 5 0.0]
10-02 15:43:11.349  1363  1529 V BWorkoutCharacteristic: [170] getCruxDefnValue 29 CruxDefnValue [CruxDefn [WORK_BIKE ACCUM StdPeriod [WORKOUT]] 1 151.4390869140625]
10-02 15:43:11.350  1363  1529 V BWorkoutCharacteristic: [170] getCruxDefnValue 29 CruxDefnValue [CruxDefn [LAT LAST StdPeriod [WORKOUT]] 1 43.64584833333333]
10-02 15:43:11.350  1363  1529 V BWorkoutCharacteristic: [170] getCruxDefnValue 29 CruxDefnValue [CruxDefn [LON LAST StdPeriod [WORKOUT]] 1 -72.46412166666667]
10-02 15:43:11.350  1363  1529 V BWorkoutCharacteristic: [170] getCruxDefnValue 29 CruxDefnValue [CruxDefn [LAT FIRST StdPeriod [WORKOUT]] 1 43.64584833333333]
10-02 15:43:11.351  1363  1529 V BWorkoutCharacteristic: [170] getCruxDefnValue 29 CruxDefnValue [CruxDefn [LON FIRST StdPeriod [WORKOUT]] 1 -72.46412166666667]
10-02 15:43:11.352  1363  1529 V CmdQueue-BTLECmdQueue: [170] add BxCA-WO-321-0 3
10-02 15:43:11.354  1363  1363 V BWorkoutCharacteristic: [2] << AsyncTaskV2 handleReq_GetWorkoutDataV2 onComplete waited 2 took 21ms
10-02 15:43:11.358  1363  1476 V BBtleManager: [150] << SVR notif sent OK
10-02 15:43:11.358  1363  1476 V BANordicBluetoothGattServer: [150] onHciMesg [10:60] RECEIVE_RAW_DATA_FROM_CENTRAL (handle: 4, service UUID: EE06, characteristic UUID: E036)
10-02 15:43:11.358  1363  1413 V CmdQueue-BTLECmdQueue: [110] << BxCA-WO-324 32ms
10-02 15:43:11.359  1363  1413 V BBtleManager: [110] >> SVR notif BxCA-WO-321-0 [15 01 00 02 1D +47]
10-02 15:43:11.359  1363  1413 V CmdQueue-BANordicHciAdapter: [110] add HCI:47 2
10-02 15:43:11.359  1363  1469 V CmdQueue-BANordicHciAdapter: [112] << HCI:47 32ms
10-02 15:43:11.359  1363  1413 V CmdQueue-BTLECmdQueue: [110] >> BxCA-WO-321-0 1
10-02 15:43:11.359  1363  1469 V CmdQueue-BANordicHciAdapter: [112] >> HCI:47 1
10-02 15:43:11.369  1363  1476 V BBtleManager: [150] << SVR notif sent OK
10-02 15:43:11.370  1363  1469 V CmdQueue-BANordicHciAdapter: [112] << HCI:47 10ms
10-02 15:43:11.370  1363  1413 V CmdQueue-BTLECmdQueue: [110] << BxCA-WO-321-0 12ms
10-02 15:43:11.370  1363  1413 V BBtleManager: [110] >> SVR notif BxCA-WO-321-0 [15 02 00 02 1D +184]
10-02 15:43:11.370  1363  1413 V CmdQueue-BANordicHciAdapter: [110] add HCI:47 1
10-02 15:43:11.370  1363  1413 V CmdQueue-BTLECmdQueue: [110] >> BxCA-WO-321-0 1
10-02 15:43:11.370  1363  1469 V CmdQueue-BANordicHciAdapter: [112] >> HCI:47 1
10-02 15:43:11.395  1363  1476 V BBtleManager: [150] << SVR notif sent OK
10-02 15:43:11.395  1363  1469 V CmdQueue-BANordicHciAdapter: [112] << HCI:47 25ms
10-02 15:43:11.396  1363  1413 V CmdQueue-BTLECmdQueue: [110] << BxCA-WO-321-0 25ms
10-02 15:43:11.458  1363  1476 V BANordicBluetoothGattServer: [150] onHciMesg [10:60] RECEIVE_RAW_DATA_FROM_CENTRAL (handle: 4, service UUID: EE06, characteristic UUID: E036)
10-02 15:43:11.491  1363  1476 I chatty  : uid=10047(com.wahoofitness.bolt) HciSerialTransp identical 1 line
10-02 15:43:11.522  1363  1476 V BANordicBluetoothGattServer: [150] onHciMesg [10:60] RECEIVE_RAW_DATA_FROM_CENTRAL (handle: 4, service UUID: EE06, characteristic UUID: E036)
10-02 15:43:11.567  1363  1552 V CruxCapabilityHelper: [174] notifyCruxRateAccumData CruxRateAccumPacket [CADENCE=1.5550493001937866 REVS=2.01589298248291]
10-02 15:43:11.569  1363  1552 V notifyCrankRevsData: [174] com.wahoofitness.connector.conn.characteristics.crux.e$d@8212807
10-02 15:43:11.569  1363  1552 V CruxCapabilityHelper: [174] notifyCruxRateAccumData CruxRateAccumPacket [CADENCE_BIKE=1.5550493001937866 CRANK_REVS=2.01589298248291]
10-02 15:43:11.573  1363  1548 V notifyHeartrateData: [171] Heartrate.Data [105bpm]
10-02 15:43:11.573  1363  1548 V CruxCapabilityHelper: [171] notifyCruxRateAccumData CruxRateAccumPacket [HEARTRATE=1.7666666507720947 HEART_BEATS=0.8610000014305115]
10-02 15:43:11.574  1363  1552 V CruxCapabilityHelper: [174] notifyCruxInstantData CruxInstantPacket [TORQUE_BIKE 3.4375]
10-02 15:43:11.574  1363  1552 V CruxCapabilityHelper: [174] notifyCruxInstantData CruxInstantPacket [POWER 81.1471176147461]
10-02 15:43:11.574  1363  1552 V CruxCapabilityHelper: [174] notifyCruxDeltaData CruxDeltaPacket [WORK deltaMs = 1245 deltaValue = 32.53127670288086]
10-02 15:43:11.575  1363  1552 V CruxCapabilityHelper: [174] notifyCruxInstantData CruxInstantPacket [POWER_BIKE 81.1471176147461]
10-02 15:43:11.575  1363  1552 V CruxCapabilityHelper: [174] notifyCruxDeltaData CruxDeltaPacket [WORK_BIKE deltaMs = 1245 deltaValue = 32.53127670288086]
10-02 15:43:11.575  1363  1552 V CruxCapabilityHelper: [174] notifyCruxRateAccumData CruxRateAccumPacket [CALORIE_RATE=0.03358665853738785 CALORIES=0.03253127634525299]
10-02 15:43:11.575  1363  1552 V CruxCapabilityHelper: [174] notifyCruxRateAccumData CruxRateAccumPacket [CALORIE_RATE_PWR=0.03358665853738785 CALORIES_PWR=0.03253127634525299]
10-02 15:43:11.583  1363  1548 V CruxCapabilityHelper: [171] notifyCruxRateAccumData CruxRateAccumPacket [CALORIE_RATE=0.08749120682477951 CALORIES=0.0421692319214344]
10-02 15:43:11.584  1363  1548 V CruxCapabilityHelper: [171] notifyCruxRateAccumData CruxRateAccumPacket [CALORIE_RATE_HR=0.08749120682477951 CALORIES_HR=0.0421692319214344]
10-02 15:43:11.620  1363  1476 V BANordicBluetoothGattServer: [150] onHciMesg [10:60] RECEIVE_RAW_DATA_FROM_CENTRAL (handle: 4, service UUID: EE06, characteristic UUID: E036)
10-02 15:43:11.718  1363  1476 I chatty  : uid=10047(com.wahoofitness.bolt) HciSerialTransp identical 3 lines
10-02 15:43:11.737  1363  1476 V BANordicBluetoothGattServer: [150] onHciMesg [10:60] RECEIVE_RAW_DATA_FROM_CENTRAL (handle: 4, service UUID: EE06, characteristic UUID: E036)
10-02 15:43:11.749  1363  1363 D BClimbFragment-BAClimbGraphViewAdapter: [2] refreshGraph x span:  3218.69
10-02 15:43:11.749  1363  1363 V BClimbFragment-BAClimbGraphViewAdapter: [2] refreshGraph user moved past threshold, updateGraph
10-02 15:43:11.749  1363  1363 V BClimbFragment-BAClimbGraphViewAdapter: [2] refreshGraph updateGraph
10-02 15:43:11.750  1363  1363 D BGraphViewUserPlanned: [2] adjustAxisPlannedRemaining
10-02 15:43:11.754  1363  1363 V BClimbFragment-BAClimbGraphViewAdapter: [2] refreshGraph 4 X=BAxis [0.0 74760.0] Y=BAxis [-26.008295 546.1742]
10-02 15:43:11.795  1363  1476 V BANordicBluetoothGattServer: [150] onHciMesg [10:60] RECEIVE_RAW_DATA_FROM_CENTRAL (handle: 4, service UUID: EE06, characteristic UUID: E036)
10-02 15:43:11.806  1363  1566 V CmdQueue-BTLECmdQueue: [186] add BxCA-FILE-306 1
10-02 15:43:11.807  1363  1566 V BFileCharacteristic: [186] << onCharacteristicWriteRequest GET_FILE_INFOS_REQ
10-02 15:43:11.807  1363  1413 V BBtleManager: [110] >> SVR notif BxCA-FILE-306 [0C 07 08 00]
10-02 15:43:11.807  1363  1413 V CmdQueue-BANordicHciAdapter: [110] add HCI:47 1
10-02 15:43:11.807  1363  1413 V CmdQueue-BTLECmdQueue: [110] >> BxCA-FILE-306 1