10-02 15:43:09.606  1363  1476 V BANordicBluetoothGattServer: [150] onHciMesg [10:60] RECEIVE_RAW_DATA_FROM_CENTRAL (handle: 4, service UUID: EE06, characteristic UUID: E036)
10-02 15:43:09.607  1363  1548 V notifyHeartrateData: [171] Heartrate.Data [99bpm]
10-02 15:43:09.608  1363  1548 V CruxCapabilityHelper: [171] notifyCruxRateAccumData CruxRateAccumPacket [HEARTRATE=1.6666666269302368 HEART_BEATS=1.5778000354766846]
10-02 15:43:09.612  1363  1363 V Handler-CharacteristicHelper-LogCount: [2] increment current=3200 max=3200 total=3200
10-02 15:43:09.613  1363  1548 V CruxCapabilityHelper: [171] notifyCruxRateAccumData CruxRateAccumPacket [CALORIE_RATE=0.07680287212133408 CALORIES=0.07074993848800659]
10-02 15:43:09.614  1363  1548 V CruxCapabilityHelper: [171] notifyCruxRateAccumData CruxRateAccumPacket [CALORIE_RATE_HR=0.07680287212133408 CALORIES_HR=0.07074993848800659]
10-02 15:43:09.638  1363  1476 V BANordicBluetoothGattServer: [150] onHciMesg [10:60] RECEIVE_RAW_DATA_FROM_CENTRAL (handle: 4, service UUID: EE06, characteristic UUID: E036)
10-02 15:43:09.769  1363  1476 I chatty  : uid=10047(com.wahoofitness.bolt) HciSerialTransp identical 2 lines
10-02 15:43:09.801  1363  1476 V BANordicBluetoothGattServer: [150] onHciMesg [10:60] RECEIVE_RAW_DATA_FROM_CENTRAL (handle: 4, service UUID: EE06, characteristic UUID: E036)
10-02 15:43:09.826  1363  1363 V BaromHelper: [2] notifyPressureData PressureCapabilityData [pressureNpM2=98509 stdElevM=241 calibElevM=291.9063271649887]
10-02 15:43:09.845  1363  1476 V BANordicBluetoothGattServer: [150] onHciMesg [10:60] RECEIVE_RAW_DATA_FROM_CENTRAL (handle: 4, service UUID: EE06, characteristic UUID: E036)
10-02 15:43:09.914  1363  1566 V CmdQueue-BTLECmdQueue: [186] add BxCA-FILE-306 1
10-02 15:43:09.916  1363  1413 V BBtleManager: [110] >> SVR notif BxCA-FILE-306 [0C 07 09 00]
10-02 15:43:09.917  1363  1413 V CmdQueue-BANordicHciAdapter: [110] add HCI:47 1
10-02 15:43:09.917  1363  1413 V CmdQueue-BTLECmdQueue: [110] >> BxCA-FILE-306 1
10-02 15:43:09.918  1363  1469 V CmdQueue-BANordicHciAdapter: [112] >> HCI:47 1
10-02 15:43:09.926  1363  1476 V BBtleManager: [150] << SVR notif sent OK
10-02 15:43:09.926  1363  1469 V CmdQueue-BANordicHciAdapter: [112] << HCI:47 9ms
10-02 15:43:09.927  1363  1413 V CmdQueue-BTLECmdQueue: [110] << BxCA-FILE-306 11ms
10-02 15:43:09.949  1363  1363 V BSystemManager: [2] checkUpdateAutoShutdown button
10-02 15:43:09.950  1363  1363 V BSystemManager: [2] checkUpdateAutoShutdown 900 seconds remaining
10-02 15:43:09.952  1363  1363 V BBacklightManager: [2] onButtonEvent 0 0
10-02 15:43:09.953  1363  1363 V BHomeActivity: [2] onButtonPress center_button isLongPress=false
10-02 15:43:09.971  1363  1363 I BNotifManager: [2] [2] update removing BNotif_StartReminder
10-02 15:43:09.971  1363  1363 D BLedManager: [2] [2] sendLedCmd sending ALL BLedCmd [0 L0#0 L1#0 L2#0 L3#0 L4#0 L5#0 L6#0 T0#0 T1#0 T2#0 T3#0 T4#0]
10-02 15:43:09.974  1363  1363 I BNotifManager: [2] [2] update new buzzer null
10-02 15:43:09.974  1363  1363 I BBuzzerManager: [2] sendStopBuzzer
10-02 15:43:09.974  1363  1363 V BBuzzerManager: [2] sendPattern B#0
10-02 15:43:09.975  1363  1363 I BNotifManager: [2] [2] update new dlg null
10-02 15:43:09.976  1363  1363 I StdSessionManager: [2] [2] startWorkout
10-02 15:43:09.976  1363  1363 V TimeInstant: [2] lockTimeMs lock=true
10-02 15:43:09.993  1363  1476 V BANordicBluetoothGattServer: [150] onHciMesg [10:60] RECEIVE_RAW_DATA_FROM_CENTRAL (handle: 4, service UUID: EE06, characteristic UUID: E036)
10-02 15:43:10.025  1363  1476 V BANordicBluetoothGattServer: [150] onHciMesg [10:60] RECEIVE_RAW_DATA_FROM_CENTRAL (handle: 4, service UUID: EE06, characteristic UUID: E036)
10-02 15:43:10.058  1363  1476 V BANordicBluetoothGattServer: [150] onHciMesg [10:60] RECEIVE_RAW_DATA_FROM_CENTRAL (handle: 4, service UUID: EE06, characteristic UUID: E036)
10-02 15:43:10.068  1363  1552 V CruxCapabilityHelper: [174] notifyCruxInstantData CruxInstantPacket [POWER_BIKE_TORQUE_EFFECTIVENESS_LEFT 44.0]
10-02 15:43:10.070  1363  1552 V CruxCapabilityHelper: [174] notifyCruxInstantData CruxInstantPacket [POWER_BIKE_TORQUE_EFFECTIVENESS_RIGHT 0.0]
10-02 15:43:10.070  1363  1552 V CruxCapabilityHelper: [174] notifyCruxInstantData CruxInstantPacket [POWER_BIKE_PEDAL_SMOOTHNESS_LEFT 11.0]
10-02 15:43:10.070  1363  1552 V CruxCapabilityHelper: [174] notifyCruxInstantData CruxInstantPacket [POWER_BIKE_PEDAL_SMOOTHNESS_RIGHT 0.0]
10-02 15:43:10.095  1363  1548 V notifyHeartrateData: [171] Heartrate.Data [100bpm]
10-02 15:43:10.095  1363  1548 V CruxCapabilityHelper: [171] notifyCruxRateAccumData CruxRateAccumPacket [HEARTRATE=1.6833332777023315 HEART_BEATS=0.8173999786376953]
10-02 15:43:10.095  1363  1548 V CruxCapabilityHelper: [171] notifyCruxRateAccumData CruxRateAccumPacket [CALORIE_RATE=0.07858426868915558 CALORIES=0.0379144623875618]
10-02 15:43:10.096  1363  1548 V CruxCapabilityHelper: [171] notifyCruxRateAccumData CruxRateAccumPacket [CALORIE_RATE_HR=0.07858426868915558 CALORIES_HR=0.0379144623875618]
10-02 15:43:10.103  1363  1363 I StdPeriodDao: [2] createWorkout CloudId [900352 PRODUCTION] StdPeriodDao WO [id=0 ELEMNT BOLT 981E:29 summaryClId=0 partDbId=0 userClID=0 1633185789000]
10-02 15:43:10.103  1363  1363 V WORKOUT:29:-1:-1: [2] setUserCloudId 900352
10-02 15:43:10.123  1363  1476 V BANordicBluetoothGattServer: [150] onHciMesg [10:60] RECEIVE_RAW_DATA_FROM_CENTRAL (handle: 4, service UUID: EE06, characteristic UUID: E036)
10-02 15:43:10.147  1363  1363 I StdFitBuilder: [2] [2] open /sdcard/exports/2021-10-02-144309-ELEMNT BOLT 981E-29-0.fit
10-02 15:43:10.151  1363  1363 I StdFitBuilder: [2] [2] startWorkout 1633185789000
10-02 15:43:10.152  1363  1363 D StdFitBuilder: [2] [2] addEvent 1633185789000 START
10-02 15:43:10.159  1363  1363 V StdFitBuilder: [2] [2] add 1633185789000 com.garmin.fit.j4@81b870e
10-02 15:43:10.159  1363  1363 D StdFitBuilder: [2] [2] addMesg 1633185789000 com.garmin.fit.j4@81b870e
10-02 15:43:10.160  1363  1363 V StdFitBuilder: [2] [2] add 1633185789000 com.garmin.fit.j4@9b2f52f
10-02 15:43:10.160  1363  1363 D StdFitBuilder: [2] [2] addMesg 1633185789000 com.garmin.fit.j4@9b2f52f
10-02 15:43:10.160  1363  1363 V StdFitBuilder: [2] [2] add 1633185789000 com.garmin.fit.j4@940e73c
10-02 15:43:10.160  1363  1363 D StdFitBuilder: [2] [2] addMesg 1633185789000 com.garmin.fit.j4@940e73c
10-02 15:43:10.161  1363  1363 V StdFitBuilder: [2] [2] add 1633185789000 com.garmin.fit.j4@b7eecc5
10-02 15:43:10.161  1363  1363 D StdFitBuilder: [2] [2] addMesg 1633185789000 com.garmin.fit.j4@b7eecc5
10-02 15:43:10.162  1363  1363 V StdFitBuilder: [2] [2] add 1633185789000 com.garmin.fit.j4@68d061a
10-02 15:43:10.162  1363  1363 D StdFitBuilder: [2] [2] addMesg 1633185789000 com.garmin.fit.j4@68d061a
10-02 15:43:10.164  1363  1363 V StdFitBuilder: [2] [2] add 1633185789000 com.garmin.fit.s6@403b54b
10-02 15:43:10.164  1363  1363 D StdFitBuilder: [2] [2] addMesg 1633185789000 com.garmin.fit.s6@403b54b
10-02 15:43:10.164  1363  1363 V StdFitBuilder: [2] [2] add 1633185789000 com.garmin.fit.s6@9d33b28
10-02 15:43:10.164  1363  1363 D StdFitBuilder: [2] [2] addMesg 1633185789000 com.garmin.fit.s6@9d33b28
10-02 15:43:10.165  1363  1363 V StdFitBuilder: [2] [2] add 1633185789000 com.garmin.fit.s6@3e69041
10-02 15:43:10.165  1363  1363 D StdFitBuilder: [2] [2] addMesg 1633185789000 com.garmin.fit.s6@3e69041
10-02 15:43:10.165  1363  1363 V StdFitBuilder: [2] [2] add 1633185789000 com.garmin.fit.s6@c6569e6
10-02 15:43:10.166  1363  1363 D StdFitBuilder: [2] [2] addMesg 1633185789000 com.garmin.fit.s6@c6569e6
10-02 15:43:10.166  1363  1363 V StdFitBuilder: [2] [2] add 1633185789000 com.garmin.fit.s6@b565b27
10-02 15:43:10.166  1363  1363 D StdFitBuilder: [2] [2] addMesg 1633185789000 com.garmin.fit.s6@b565b27
10-02 15:43:10.167  1363  1363 V StdFitBuilder: [2] [2] add 1633185789000 com.garmin.fit.s6@ab4e1d4
10-02 15:43:10.167  1363  1363 D StdFitBuilder: [2] [2] addMesg 1633185789000 com.garmin.fit.s6@ab4e1d4
10-02 15:43:10.168  1363  1363 I StdPeriodDao: [2] createSession StdPeriodDao SES [id=0 ELEMNT BOLT 981E:29 ses=0]
10-02 15:43:10.169  1363  1363 I StdPeriodDao: [2] createLap StdPeriodDao LAP [id=0 ELEMNT BOLT 981E:29 ses=0 lap=0]
10-02 15:43:10.173  1363  1363 V StdSessionWorkout-ELEMNT BOLT 981E:29: [2] StdSessionWorkout setting LOCAL workout INCOMPLETE
10-02 15:43:10.187  1363  1476 V BANordicBluetoothGattServer: [150] onHciMesg [10:60] RECEIVE_RAW_DATA_FROM_CENTRAL (handle: 4, service UUID: EE06, characteristic UUID: E036)
10-02 15:43:10.191  1363  1363 I StdWorkoutTransferStateManager: [2] setTransferState ELEMNT BOLT 981E:29 INCOMPLETE LOCAL
10-02 15:43:10.192  1363  1363 I StdSessionWorkout-ELEMNT BOLT 981E:29: [2] commitLastAsync start
10-02 15:43:10.193  1363  1363 V StdSessionSession: [2] commitLastAsync
10-02 15:43:10.200  1363  1363 V StdSessionLap: [2] commitLastAsync
10-02 15:43:10.200  1363  1363 V StdLogcatFileSaverManager: [2] rotateLogFile WO:29 null true
10-02 15:43:10.202  1363  1363 V Poller  : [2] stop 4 pollers running
10-02 15:43:10.204  1363  1363 V BACloudLogSyncManagerApp: [2] << LogcatFileSaver onLogFileComplete /data/user/0/com.wahoofitness.bolt/files/logs/ready/BoltApp.20211002.103110.txt BoltApp 2021/10/02 10:31:10 (1633185070792)
10-02 15:43:10.204  1363  1363 V BACloudLogSyncManagerApp: [2] registerLogUpload /data/user/0/com.wahoofitness.bolt/files/logs/ready/BoltApp.20211002.103110.txt 2021/10/02 10:31:10 (1633185070792) BoltApp []
10-02 15:43:10.205  1363  1363 V BACloudLogSyncManagerApp: [2] getThread creating HandlerThreadPoster
10-02 15:43:10.212  1363  1363 V HandlerThreadPoster-LogCount: [2] increment current=13 max=13 total=13
10-02 15:43:10.213  1363  1363 I LogcatFileSaver: [2] stop
10-02 15:43:10.214  1363  1363 I LogcatFileSaver: [2] start cmd= logcat -v threadtime  -f /data/user/0/com.wahoofitness.bolt/files/logs/tmp/BoltApp.WO:29.20211002.104310.txt
10-02 15:43:10.219  1363  1467 V WORKOUT:29:-1:-1: [149] setCruxWorkoutType BIKING
10-02 15:43:10.219  1363  1467 V WORKOUT:29:-1:-1: [149] commit 0 StdSessionWorkout-ELEMNT BOLT 981E:29
10-02 15:43:10.220  1363  1476 V BANordicBluetoothGattServer: [150] onHciMesg [10:60] RECEIVE_RAW_DATA_FROM_CENTRAL (handle: 4, service UUID: EE06, characteristic UUID: E036)
10-02 15:43:10.226  1363  1733 V StdCloudLogSyncManagerApp: [242] registerLogUpload /data/user/0/com.wahoofitness.bolt/files/logs/ready/BoltApp.20211002.103110.txt CloudLogFileApp [2021/10/02 10:31:10 (1633185070792) /data/user/0/com.wahoofitness.bolt/files/logs/ready/BoltApp-20211002_143110.792-?-.txt] SUCCESS
10-02 15:43:10.226  1363  1733 V StdRunnable: [242] StdCloudLogSyncManagerApp-registerLogUpload took 13 ms
10-02 15:43:10.237  1363  1363 V Poller  : [2] start Handler-LogcatFileSaver 5 pollers running
10-02 15:43:10.237  1363  1363 I LogcatFileSaver: [2] start /data/user/0/com.wahoofitness.bolt/files/logs/tmp/BoltApp.WO:29.20211002.104310.txt
10-02 15:43:10.280  1363  1363 V CapabilityStore: [2] [2] populate dynamic CapabilityType FirmwareVersion added to ANTConnectionParams [HRM:38333:1]
10-02 15:43:10.280  1363  1363 V CapabilityStore: [2] [2] populate dynamic CapabilityType Battery added to ANTConnectionParams [HRM:38333:1]
10-02 15:43:10.280  1363  1363 V CapabilityStore: [2] [2] populate dynamic CapabilityType CruxCapability added to ANTConnectionParams [HRM:38333:1]
10-02 15:43:10.281  1363  1363 V CapabilityStore: [2] [2] populate dynamic CapabilityType FirmwareVersion added to ANTConnectionParams [HRM:38333:1]
10-02 15:43:10.281  1363  1363 V CapabilityStore: [2] [2] populate dynamic CapabilityType Battery added to ANTConnectionParams [HRM:38333:1]
10-02 15:43:10.281  1363  1363 V CapabilityStore: [2] [2] populate dynamic CapabilityType CruxCapability added to ANTConnectionParams [HRM:38333:1]
10-02 15:43:10.288  1363  1363 V StdFitUtils: [2] encodeDeviceInfoMesg 1633185789976 deviceIndex=1 productTypeName=Heartrate antSensorType=PLUS_HEART_RATE
10-02 15:43:10.320  1363  1476 V BANordicBluetoothGattServer: [150] onHciMesg [10:60] RECEIVE_RAW_DATA_FROM_CENTRAL (handle: 4, service UUID: EE06, characteristic UUID: E036)
10-02 15:43:10.321  1363  1552 V CruxCapabilityHelper: [174] notifyCruxRateAccumData CruxRateAccumPacket [CADENCE=1.6981757879257202 REVS=2.144693374633789]
10-02 15:43:10.321  1363  1552 V notifyCrankRevsData: [174] com.wahoofitness.connector.conn.characteristics.crux.e$d@ca52613
10-02 15:43:10.322  1363  1552 V CruxCapabilityHelper: [174] notifyCruxRateAccumData CruxRateAccumPacket [CADENCE_BIKE=1.6981757879257202 CRANK_REVS=2.144693374633789]
10-02 15:43:10.322  1363  1552 V CruxCapabilityHelper: [174] notifyCruxInstantData CruxInstantPacket [TORQUE_BIKE 1.75]
10-02 15:43:10.322  1363  1552 V CruxCapabilityHelper: [174] notifyCruxInstantData CruxInstantPacket [POWER 185.57479858398438]
10-02 15:43:10.323  1363  1552 V CruxCapabilityHelper: [174] notifyCruxDeltaData CruxDeltaPacket [WORK deltaMs = 1250 deltaValue = 151.4390869140625]
10-02 15:43:10.323  1363  1552 V CruxCapabilityHelper: [174] notifyCruxInstantData CruxInstantPacket [POWER_BIKE 185.57479858398438]
10-02 15:43:10.323  1363  1552 V CruxCapabilityHelper: [174] notifyCruxDeltaData CruxDeltaPacket [WORK_BIKE deltaMs = 1250 deltaValue = 151.4390869140625]
10-02 15:43:10.323  1363  1552 V CruxCapabilityHelper: [174] notifyCruxRateAccumData CruxRateAccumPacket [CALORIE_RATE=0.018672417849302292 CALORIES=0.15143908560276031]
10-02 15:43:10.324  1363  1552 V CruxCapabilityHelper: [174] notifyCruxRateAccumData CruxRateAccumPacket [CALORIE_RATE_PWR=0.018672417849302292 CALORIES_PWR=0.15143908560276031]
10-02 15:43:10.327  1363  1363 V StdFitUtils: [2] encodeDeviceInfoMesg batteryLevel GOOD
10-02 15:43:10.328  1363  1363 V StdFitUtils: [2] encodeDeviceInfoMesg antId 38333
10-02 15:43:10.328  1363  1363 D ConnectionParamsSet: [2] [2] getPreferredConnectionParams No-BTLE + ANT, using all ANT 1
10-02 15:43:10.329  1363  1363 V StdFitUtils: [2] encodeDeviceInfoMesg networkType ANT_PLUS
10-02 15:43:10.340  1363  1363 V StdFitUtils: [2] encodeDeviceInfoMesg batteryVoltage null
10-02 15:43:10.340  1363  1363 V StdFitUtils: [2] encodeDeviceInfoMesg percent -1
10-02 15:43:10.340  1363  1363 V StdSensor-HRM:38333: [2] getManualZeroCalibrationResult no processor
10-02 15:43:10.341  1363  1363 V StdFitUtils: [2] encodeDeviceInfoMesg manualZeroCalibrationResult null
10-02 15:43:10.341  1363  1363 V StdFitUtils: [2] encodeDeviceInfoMesg crankLengthMm null
10-02 15:43:10.341  1363  1363 V StdFitBuilder: [2] [2] add 1633185789976 com.garmin.fit.w1@99d3050
10-02 15:43:10.341  1363  1363 D StdFitBuilder: [2] [2] addMesg 1633185789000 com.garmin.fit.w1@99d3050
10-02 15:43:10.350  1363  1363 V CapabilityStore: [2] [2] populate dynamic CapabilityType CrankRevs added to ANTConnectionParams [PM:8805:5]
10-02 15:43:10.350  1363  1363 V CapabilityStore: [2] [2] populate dynamic CapabilityType BikeTorque added to ANTConnectionParams [PM:8805:5]
10-02 15:43:10.351  1363  1363 V CapabilityStore: [2] [2] populate dynamic CapabilityType Battery added to ANTConnectionParams [PM:8805:5]
10-02 15:43:10.351  1363  1363 V CapabilityStore: [2] [2] populate dynamic CapabilityType ManualZeroCalibration added to ANTConnectionParams [PM:8805:5]
10-02 15:43:10.351  1363  1363 V CapabilityStore: [2] [2] populate dynamic CapabilityType FirmwareVersion added to ANTConnectionParams [PM:8805:5]
10-02 15:43:10.351  1363  1363 V CapabilityStore: [2] [2] populate dynamic CapabilityType CruxCapability added to ANTConnectionParams [PM:8805:5]
10-02 15:43:10.351  1363  1363 V CapabilityStore: [2] [2] populate dynamic CapabilityType CrankRevs added to ANTConnectionParams [PM:8805:5]
10-02 15:43:10.351  1363  1363 V CapabilityStore: [2] [2] populate dynamic CapabilityType BikeTorque added to ANTConnectionParams [PM:8805:5]
10-02 15:43:10.352  1363  1363 V CapabilityStore: [2] [2] populate dynamic CapabilityType Battery added to ANTConnectionParams [PM:8805:5]
10-02 15:43:10.352  1363  1363 V CapabilityStore: [2] [2] populate dynamic CapabilityType ManualZeroCalibration added to ANTConnectionParams [PM:8805:5]
10-02 15:43:10.352  1363  1363 V CapabilityStore: [2] [2] populate dynamic CapabilityType FirmwareVersion added to ANTConnectionParams [PM:8805:5]
10-02 15:43:10.352  1363  1363 V CapabilityStore: [2] [2] populate dynamic CapabilityType CruxCapability added to ANTConnectionParams [PM:8805:5]
10-02 15:43:10.353  1363  1363 V StdFitUtils: [2] encodeDeviceInfoMesg 1633185789976 deviceIndex=2 productTypeName=Power antSensorType=PLUS_BIKE_POWER
10-02 15:43:10.361  1363  1363 V StdFitUtils: [2] encodeDeviceInfoMesg manufacturer 263 FAVERO_ELECTRONICS
10-02 15:43:10.367  1363  1363 V StdFitUtils: [2] encodeDeviceInfoMesg modelNumber 10
10-02 15:43:10.367  1363  1363 V StdFitUtils: [2] encodeDeviceInfoMesg swVersion 47.5
10-02 15:43:10.368  1363  1363 V StdFitUtils: [2] encodeDeviceInfoMesg hwVersion 4
10-02 15:43:10.368  1363  1363 V StdFitUtils: [2] encodeDeviceInfoMesg batteryLevel GOOD
10-02 15:43:10.368  1363  1363 V StdFitUtils: [2] encodeDeviceInfoMesg antId 8805
10-02 15:43:10.369  1363  1363 D ConnectionParamsSet: [2] [2] getPreferredConnectionParams No-BTLE + ANT, using all ANT 1
10-02 15:43:10.369  1363  1363 V StdFitUtils: [2] encodeDeviceInfoMesg networkType ANT_PLUS
10-02 15:43:10.369  1363  1363 V StdFitUtils: [2] encodeDeviceInfoMesg batteryVoltage 3.7773438
10-02 15:43:10.370  1363  1363 V StdFitUtils: [2] encodeDeviceInfoMesg percent -1
10-02 15:43:10.370  1363  1363 V StdFitUtils: [2] encodeDeviceInfoMesg manualZeroCalibrationResult MyManualZeroCalibrationResult [torqueOffset=0]
10-02 15:43:10.370  1363  1363 V StdFitUtils: [2] encodeDeviceInfoMesg torqueOffset 0
10-02 15:43:10.383  1363  1363 V StdFitUtils: [2] encodeDeviceInfoMesg crankLengthMm 170.0
10-02 15:43:10.386  1363  1363 V StdFitBuilder: [2] [2] add 1633185789976 com.garmin.fit.w1@a789a44
10-02 15:43:10.387  1363  1363 D StdFitBuilder: [2] [2] addMesg 1633185789000 com.garmin.fit.w1@a789a44
10-02 15:43:10.387  1363  1363 V StdFitUtils: [2] encodeDeviceInfoMesg 1633185789976 deviceIndex=3 productTypeName=GPS antSensorType=UNKNOWN
10-02 15:43:10.387  1363  1363 V StdSensor-GPS: [2] getBatteryCount no StdBatteryProcessor
10-02 15:43:10.388  1363  1363 V StdFitUtils: [2] encodeDeviceInfoMesg batteryLevel UNKNOWN
10-02 15:43:10.388  1363  1363 V StdFitUtils: [2] encodeDeviceInfoMesg antId -1
10-02 15:43:10.388  1363  1363 W ConnectionParamsSet: [2] [2] getPreferredConnectionParams No-BTLE + No-ANT, using GPSConnectionParams [GPS GPS id=GPS:1000:0.0:0.0:0:4:30.0:2.0:0.56 minAccM=0.0 minDistM=0.0 minSats=0 minTimeMs=1000 mHorAccThresholdMeters=4]
10-02 15:43:10.388  1363  1363 V StdFitUtils: [2] encodeDeviceInfoMesg networkType GPS
10-02 15:43:10.388  1363  1467 V BADatabase: [149] createOrUpdate StdPeriodDao WO [id=147 ELEMNT BOLT 981E:29 summaryClId=0 partDbId=0 userClID=900352 1633185789000] StdPeriodDao WO [id=147 ELEMNT BOLT 981E:29 summaryClId=0 partDbId=0 userClID=900352 1633185789000] created
10-02 15:43:10.388  1363  1363 V StdSensor-GPS: [2] getManualZeroCalibrationResult no processor
10-02 15:43:10.388  1363  1363 V StdFitUtils: [2] encodeDeviceInfoMesg manualZeroCalibrationResult null
10-02 15:43:10.389  1363  1363 V StdFitUtils: [2] encodeDeviceInfoMesg crankLengthMm null
10-02 15:43:10.389  1363  1363 V StdFitBuilder: [2] [2] add 1633185789976 com.garmin.fit.w1@8f2972d
10-02 15:43:10.389  1363  1363 D StdFitBuilder: [2] [2] addMesg 1633185789000 com.garmin.fit.w1@8f2972d
10-02 15:43:10.389  1363  1363 V Poller  : [2] start Handler-StdSessionManager-AutoSave 6 pollers running
10-02 15:43:10.390  1363  1363 I StdWorkoutLiveStateManager: [2] setStdWorkoutLiveState ELEMNT BOLT 981E:29 LIVE_ACTIVE changed
10-02 15:43:10.391  1363  1363 I StdSessionManager: [2] [2] [Active] setState from Ready to Active
10-02 15:43:10.391  1363  1363 V TimeInstant: [2] lockTimeMs lock=true
10-02 15:43:10.392  1363  1363 I PowerPartialWakeLock-StdSessionManager: [2] acquire
10-02 15:43:10.393  1363  1467 V BADatabase: [149] queryCount StdPeriodDao  returned 147
10-02 15:43:10.397  1363  1363 V BAAmbientLightManager: [2] << SensorEventListener onSensorChanged 587000
10-02 15:43:10.398  1363  1363 I BTestModeListener: [2] [2] onButtonEvent 0 0
10-02 15:43:10.398  1363  1363 V BHomeActivity: [2] << BNotifManager onDlgNotifChanged
10-02 15:43:10.398  1363  1363 V BAHomeNotifHelper: [2] hide
10-02 15:43:10.398  1363  1467 V BADatabase: [149] queryCount StdPeriodDao [periodTypeCode eq 7] [deviceId eq ELEMNT BOLT 981E] [deleted eq 0] returned 28
10-02 15:43:10.399  1363  1363 I BFooterView: [2] setFooterInfo FooterActions [left=LAP, center=PAUSE, right=PAGE]
10-02 15:43:10.399  1363  1467 V StdPeriodDao: [149] checkInitWorkoutCount 28 took 4 ms
10-02 15:43:10.404  1363  1467 V StdPeriodDao: [149] checkInitLastNonDeletedWorkoutNum 29 took 5 ms
10-02 15:43:10.405  1363  1467 V WORKOUT:29:-1:-1: [149] commit took 186 ms
10-02 15:43:10.405  1363  1467 V StdRunnable: [149] StdSessionWorkout-ELEMNT BOLT 981E:29-commitLastAsync took 212 ms
10-02 15:43:10.411  1363  1363 D BClimbFragment-BAClimbGraphViewAdapter: [2] refreshGraph x span:  3218.69
10-02 15:43:10.413  1363  1363 V StdSensorManager: [2] << StdSessionManager onWorkoutStateChanged READY to ACTIVE STARTED
10-02 15:43:10.413  1363  1363 V StdCruxCapabilityProcessor: [2] onWorkoutStateChanged READY to ACTIVE STARTED
10-02 15:43:10.413  1363  1467 V SESSION:29:0:-1: [149] commit 0 StdSessionSession
10-02 15:43:10.414  1363  1363 V StdCruxCapabilityProcessor: [2] onWorkoutStateChanged READY to ACTIVE STARTED
10-02 15:43:10.415  1363  1476 V BANordicBluetoothGattServer: [150] onHciMesg [10:60] RECEIVE_RAW_DATA_FROM_CENTRAL (handle: 4, service UUID: EE06, characteristic UUID: E036)
10-02 15:43:10.415  1363  1363 V StdSensorManager: [2] << StdSessionManager onSessionEvent ELEMNT BOLT 981E:29 START
10-02 15:43:10.416  1363  1363 I StdSensorManager: [2] refreshStdSensors reason= workout start/stop
10-02 15:43:10.416  1363  1363 V Prefs   : [2] [2] Prefs BSensorStore-Paired-65534 0 records took 0 ms
10-02 15:43:10.417  1363  1363 D ConnectionParamsSet: [2] [2] deserialize {"id":"ANT-ANTPLUS_HEART_RATE_SENSOR-38333","connectionParams":[{"networkType":"ANT","sensorType":"HEARTRATE","deviceName":"HRM:38333","antSensorTypeSerialized":"ANTPLUS_HEART_RATE_SENSOR","deviceNumber":38333,"transmissionType":1}]}
10-02 15:43:10.421  1363  1467 V BADatabase: [149] createOrUpdate StdPeriodDao SES [id=148 ELEMNT BOLT 981E:29 ses=0] StdPeriodDao SES [id=148 ELEMNT BOLT 981E:29 ses=0] created
10-02 15:43:10.428  1363  1467 V SESSION:29:0:-1: [149] commit took 15 ms
10-02 15:43:10.428  1363  1467 V StdRunnable: [149] StdSessionSession-commitLastAsync took 23 ms
10-02 15:43:10.436  1363  1467 V LAP:29:0:0: [149] commit 0 StdSessionLap
10-02 15:43:10.439  1363  1363 D ConnectionParamsSet: [2] [2] deserialize {"id":"BTLE-F6:B5:2D:40:49:D4","connectionParams":[{"networkType":"BTLE","sensorType":"HEARTRATE","deviceName":"TICKR 755E","bluetoothDevice":"F6:B5:2D:40:49:D4","addressType":1},{"networkType":"ANT","sensorType":"HEARTRATE","deviceName":"HRM:30046","antSensorTypeSerialized":"ANTPLUS_HEART_RATE_SENSOR","deviceNumber":30046,"transmissionType":5}]}
10-02 15:43:10.441  1363  1467 V BADatabase: [149] createOrUpdate StdPeriodDao LAP [id=149 ELEMNT BOLT 981E:29 ses=0 lap=0] StdPeriodDao LAP [id=149 ELEMNT BOLT 981E:29 ses=0 lap=0] created
10-02 15:43:10.441  1363  1467 V LAP:29:0:0: [149] commit took 5 ms
10-02 15:43:10.441  1363  1467 V StdRunnable: [149] StdSessionLap-commitLastAsync took 13 ms
10-02 15:43:10.457  1363  1363 D ConnectionParamsSet: [2] [2] deserialize {"id":"BTLE-4A:BF:07:96:7D:FB","connectionParams":[{"networkType":"BTLE","sensorType":"HEARTRATE","deviceName":"TICKR BD18","bluetoothDevice":"4A:BF:07:96:7D:FB","addressType":1}]}
10-02 15:43:10.464  1363  1363 D ConnectionParamsSet: [2] [2] deserialize {"id":"ANT-ANTPLUS_BIKE_POWER_SENSOR-8805","connectionParams":[{"networkType":"ANT","sensorType":"BIKE_POWER","deviceName":"PM:8805","antSensorTypeSerialized":"ANTPLUS_BIKE_POWER_SENSOR","deviceNumber":8805,"transmissionType":5}]}
10-02 15:43:10.475  1363  1363 V StdSensorProfileManager: [2] getPairedCpSets took 59 ms
10-02 15:43:10.503  1363  1476 V BANordicBluetoothGattServer: [150] onHciMesg [10:60] RECEIVE_RAW_DATA_FROM_CENTRAL (handle: 4, service UUID: EE06, characteristic UUID: E036)
10-02 15:43:10.535  1363  1363 D ConnectionParamsSet: [2] [2] deserialize {"id":"ANT-ANTPLUS_HEART_RATE_SENSOR-38333","connectionParams":[{"networkType":"ANT","sensorType":"HEARTRATE","deviceName":"HRM:38333","antSensorTypeSerialized":"ANTPLUS_HEART_RATE_SENSOR","deviceNumber":38333,"transmissionType":1}]}
10-02 15:43:10.544  1363  1363 D ConnectionParamsSet: [2] [2] deserialize {"id":"BTLE-F6:B5:2D:40:49:D4","connectionParams":[{"networkType":"BTLE","sensorType":"HEARTRATE","deviceName":"TICKR 755E","bluetoothDevice":"F6:B5:2D:40:49:D4","addressType":1},{"networkType":"ANT","sensorType":"HEARTRATE","deviceName":"HRM:30046","antSensorTypeSerialized":"ANTPLUS_HEART_RATE_SENSOR","deviceNumber":30046,"transmissionType":5}]}
10-02 15:43:10.550  1363  1566 V CmdQueue-BTLECmdQueue: [186] add BxCA-FILE-306 1
10-02 15:43:10.550  1363  1413 V BBtleManager: [110] >> SVR notif BxCA-FILE-306 [0C 07 08 00]
10-02 15:43:10.551  1363  1413 V CmdQueue-BANordicHciAdapter: [110] add HCI:47 1
10-02 15:43:10.551  1363  1413 V CmdQueue-BTLECmdQueue: [110] >> BxCA-FILE-306 1
10-02 15:43:10.551  1363  1469 V CmdQueue-BANordicHciAdapter: [112] >> HCI:47 1
10-02 15:43:10.557  1363  1476 V BBtleManager: [150] << SVR notif sent OK
10-02 15:43:10.557  1363  1469 V CmdQueue-BANordicHciAdapter: [112] << HCI:47 6ms
10-02 15:43:10.558  1363  1413 V CmdQueue-BTLECmdQueue: [110] << BxCA-FILE-306 7ms
10-02 15:43:10.559  1363  1363 D ConnectionParamsSet: [2] [2] deserialize {"id":"BTLE-4A:BF:07:96:7D:FB","connectionParams":[{"networkType":"BTLE","sensorType":"HEARTRATE","deviceName":"TICKR BD18","bluetoothDevice":"4A:BF:07:96:7D:FB","addressType":1}]}
10-02 15:43:10.564  1363  1363 D ConnectionParamsSet: [2] [2] deserialize {"id":"ANT-ANTPLUS_BIKE_POWER_SENSOR-8805","connectionParams":[{"networkType":"ANT","sensorType":"BIKE_POWER","deviceName":"PM:8805","antSensorTypeSerialized":"ANTPLUS_BIKE_POWER_SENSOR","deviceNumber":8805,"transmissionType":5}]}
10-02 15:43:10.573  1363  1363 V StdSensorProfileManager: [2] getPairedCpSets took 38 ms
10-02 15:43:10.587  1363  1548 V notifyHeartrateData: [171] Heartrate.Data [103bpm]
10-02 15:43:10.587  1363  1548 V CruxCapabilityHelper: [171] notifyCruxRateAccumData CruxRateAccumPacket [HEARTRATE=1.7166666984558105 HEART_BEATS=0.8380999565124512]
10-02 15:43:10.588  1363  1548 V CruxCapabilityHelper: [171] notifyCruxRateAccumData CruxRateAccumPacket [CALORIE_RATE=0.0821470394730568 CALORIES=0.03962026536464691]
10-02 15:43:10.588  1363  1548 V CruxCapabilityHelper: [171] notifyCruxRateAccumData CruxRateAccumPacket [CALORIE_RATE_HR=0.0821470394730568 CALORIES_HR=0.03962026536464691]
10-02 15:43:10.608  1363  1363 V StdSensorManager: [2] refreshStdSensors 8 cpSets
10-02 15:43:10.609  1363  1363 I StdSensor-HRM:38333: [2] request StdSensorManager
10-02 15:43:10.610  1363  1363 I StdSensor-HRM:38333: [2] request clients= [StdSensorManager]
10-02 15:43:10.610  1363  1363 I StdSensor-ACCELEROMETER: [2] request StdSensorManager
10-02 15:43:10.610  1363  1363 I StdSensor-ACCELEROMETER: [2] request clients= [StdSensorManager]
10-02 15:43:10.610  1363  1363 I StdSensor-BAROMETER: [2] request StdSensorManager
10-02 15:43:10.610  1363  1363 I StdSensor-BAROMETER: [2] request clients= [StdSensorManager]
10-02 15:43:10.610  1363  1363 I StdSensor-PM:8805: [2] request StdSensorManager
10-02 15:43:10.610  1363  1363 I StdSensor-PM:8805: [2] request clients= [StdSensorManager]
10-02 15:43:10.610  1363  1363 I StdSensor-TICKRBD18: [2] request StdSensorManager
10-02 15:43:10.610  1363  1363 I StdSensor-TICKRBD18: [2] request clients= [StdSensorManager]
10-02 15:43:10.610  1363  1363 I StdSensor-TEMPERATURESENSOR: [2] request StdSensorManager
10-02 15:43:10.611  1363  1363 I StdSensor-TEMPERATURESENSOR: [2] request clients= [StdSensorManager]
10-02 15:43:10.611  1363  1363 I StdSensor-TICKR755E: [2] request StdSensorManager
10-02 15:43:10.611  1363  1363 I StdSensor-TICKR755E: [2] request clients= [StdSensorManager]
10-02 15:43:10.611  1363  1363 I StdSensor-GPS: [2] request StdSensorManager
10-02 15:43:10.611  1363  1363 I StdSensor-GPS: [2] request clients= [StdSensorManager]
10-02 15:43:10.620  1363  1363 V StdSensorManager: [2] refreshStdSensors keep          StdSensor [7 CpSet [ANTConnectionParams [HRM:38333:1]]]
10-02 15:43:10.620  1363  1363 V StdSensorManager: [2] refreshStdSensors keep          StdSensor [18 CpSet [AccelConnectionParams [ACCELEROMETER ACCEL samplePeriod=3]]]
10-02 15:43:10.620  1363  1363 V StdSensorManager: [2] refreshStdSensors keep          StdSensor [0 CpSet [BaromConnectionParams [BAROMETER BAROM samplePeriod=1000000]]]
10-02 15:43:10.620  1363  1363 V StdSensorManager: [2] refreshStdSensors keep          StdSensor [13 CpSet [ANTConnectionParams [PM:8805:5]]]
10-02 15:43:10.620  1363  1363 V StdSensorManager: [2] refreshStdSensors keep          StdSensor [3 CpSet [BTLEConnectionParams [TICKR BD18 HEARTRATE 4A:BF:07:96:7D:FB RANDOM_STATIC_ADDRESS]]]
10-02 15:43:10.620  1363  1363 V StdSensorManager: [2] refreshStdSensors keep          StdSensor [1 CpSet [TempConnectionParams [TEMPERATURE SENSOR TEMP samplePeriod=3]]]
10-02 15:43:10.621  1363  1363 V StdSensorManager: [2] refreshStdSensors keep          StdSensor [16 CpSet [BTLEConnectionParams [TICKR 755E HEARTRATE F6:B5:2D:40:49:D4 RANDOM_STATIC_ADDRESS] ANTConnectionParams [HRM:30046:5]]]
10-02 15:43:10.621  1363  1363 V StdSensorManager: [2] refreshStdSensors keep          StdSensor [15 CpSet [GPSConnectionParams [GPS GPS id=GPS:1000:0.0:0.0:0:4:30.0:2.0:0.56 minAccM=0.0 minDistM=0.0 minSats=0 minTimeMs=1000 mHorAccThresholdMeters=4]]]
10-02 15:43:10.621  1363  1363 V StdSensor-HRM:38333: [2] onSessionEvent ELEMNT BOLT 981E:29 START
10-02 15:43:10.621  1363  1363 V StdCruxCapabilityProcessor: [2] onSessionEvent ELEMNT BOLT 981E:29 START
10-02 15:43:10.624  1363  1363 V StdSensor-ACCELEROMETER: [2] onSessionEvent ELEMNT BOLT 981E:29 START
10-02 15:43:10.624  1363  1363 V StdSensor-BAROMETER: [2] onSessionEvent ELEMNT BOLT 981E:29 START
10-02 15:43:10.625  1363  1363 V StdSensor-PM:8805: [2] onSessionEvent ELEMNT BOLT 981E:29 START
10-02 15:43:10.625  1363  1363 V StdCruxCapabilityProcessor: [2] onSessionEvent ELEMNT BOLT 981E:29 START
10-02 15:43:10.625  1363  1363 V StdSensor-TICKRBD18: [2] onSessionEvent ELEMNT BOLT 981E:29 START
10-02 15:43:10.631  1363  1363 V StdSensor-TEMPERATURESENSOR: [2] onSessionEvent ELEMNT BOLT 981E:29 START
10-02 15:43:10.631  1363  1363 V StdSensor-TICKR755E: [2] onSessionEvent ELEMNT BOLT 981E:29 START
10-02 15:43:10.631  1363  1363 V StdSensor-GPS: [2] onSessionEvent ELEMNT BOLT 981E:29 START
10-02 15:43:10.633  1363  1363 V BWifiManager: [2] << StdSessionManager onSessionEvent ELEMNT BOLT 981E:29 START
10-02 15:43:10.637  1363  1363 V BSystemManager: [2] << StdSessionManager onSessionEvent ELEMNT BOLT 981E:29 START
10-02 15:43:10.639  1363  1363 I BNotifManager: [2] [2] << StdSessionManager onSessionEvent ELEMNT BOLT 981E:29 START
10-02 15:43:10.643  1363  1363 I BNotifManager: [2] [2] update adding BNotif_WorkoutStartResume at index 0
10-02 15:43:10.644  1363  1363 D BLedManager: [2] [2] sendLedCmd sending TOP BLedCmd [2 T0#55AAFFFF T1#55AAFFFF T2#55AAFFFF T3#55AAFFFF T4#55AAFFFF T5#55AAFFFF T6#55AAFFFF S#200 T0#0 T1#0 T2#0 T3#0 T4#0 T5#0 T6#0 S#200 T0#55AAFFFF T1#55AAFFFF T2#55AAFFFF T3#55AAFFFF T4#55AAFFFF T5#55AAFFFF T6#55AAFFFF S#200 T0#0 T1#0 T2#0 T3#0 T4#0 T5#0 T6#0]
10-02 15:43:10.645  1363  1363 D BLedManager: [2] [2] sendLedCmd sending LEFT BLedCmd [1 L0#0 L1#0 L2#0 L3#0 L4#0 L5#0 L6#0]
10-02 15:43:10.646  1363  1363 I BNotifManager: [2] [2] update new buzzer BNotif_WorkoutStartResume
10-02 15:43:10.646  1363  1363 V BBuzzerManager: [2] sendPattern B#1046 S#20 B#0 S#1 B#2093 S#50 B#0 S#10 B#1046 S#20 B#0 S#1 B#2093 S#20 B#0 S#5 B#1046 S#20 B#0 S#1 B#2093 S#50 B#0 S#10 B#1046 S#20 B#0 S#1 B#2794 S#60 B#0 S#90 B#2093 S#50 B#0 S#10 B#1046 S#20 B#0 S#1 B#2794 S#60 B#0
10-02 15:43:10.648  1363  1363 I BNotifManager: [2] [2] update new dlg BNotif_WorkoutStartResume
10-02 15:43:10.648  1363  1363 D StdAutoLapManager: [2] [2] << StdSessionManager onSessionEvent ELEMNT BOLT 981E:29 START resetting
10-02 15:43:10.649  1363  1363 I BAutoWorkoutTypeManager: [2] << StdSessionManager onSessionEvent START
10-02 15:43:10.649  1363  1363 I BAutoWorkoutTypeManager: [2] refreshState workout live, using pinned kickr present false
10-02 15:43:10.649  1363  1363 I BAutoWorkoutTypeManager: [2] refreshState setCruxWorkoutType 0  resolvedWorkoutName= Cycling
10-02 15:43:10.649  1363  1363 D StdCfgManager: [2] [2] setValue null 65535 WORKOUT_TYPE 0
10-02 15:43:10.649  1363  1363 D StdCfgManager: [2] [2] setValue null 65535 PROFILE_NAME Cycling
10-02 15:43:10.650  1363  1363 I BStartReminderManager: [2] [2] onSessionEvent START disabling
10-02 15:43:10.650  1363  1363 I BStartReminderManager: [2] [2] disable
10-02 15:43:10.650  1363  1363 D StdPlanManager: [2] << StdSessionManager onSessionEvent ELEMNT BOLT 981E:29 START
10-02 15:43:10.651  1363  1363 D BACustomAlertsManager: [2] << StdSessionManager onSessionEvent, refreshPlans ELEMNT BOLT 981E:29 START
10-02 15:43:10.654  1363  1363 V BAXDripManager: [2] << StdSessionManager onSessionEvent ELEMNT BOLT 981E:29 START
10-02 15:43:10.655  1363  1363 V BAXDripManager: [2] onSessionEvent no XDrip connected
10-02 15:43:10.655  1363  1363 V StdPioneerPmManager: [2] << StdSessionManager onSessionEvent START
10-02 15:43:10.656  1363  1363 D BAGpsPosAssistManager: [2] << StdSessionManager onSessionEvent ELEMNT BOLT 981E:29 START
10-02 15:43:10.660  1363  1363 V BAGpsPosAssistManager: [2] writeGpsStatsToFit validityRemainingMins= 0.0
10-02 15:43:10.663  1363  1363 V StdSessionManager: [2] [2] [Active] addMesg com.garmin.fit.ca@f6e6741
10-02 15:43:10.664  1363  1363 V StdFitBuilder: [2] [2] add 1633185790663 com.garmin.fit.ca@f6e6741
10-02 15:43:10.665  1363  1363 D StdFitBuilder: [2] [2] addMesg 1633185790000 com.garmin.fit.ca@f6e6741
10-02 15:43:10.665  1363  1363 V BAGpsPosAssistManager: [2] writeGpsStatsToFit mStartupLleValidity= false
10-02 15:43:10.665  1363  1363 V StdSessionManager: [2] [2] [Active] addMesg com.garmin.fit.ca@2bdf4e6
10-02 15:43:10.666  1363  1363 V StdFitBuilder: [2] [2] add 1633185790665 com.garmin.fit.ca@2bdf4e6
10-02 15:43:10.666  1363  1363 D StdFitBuilder: [2] [2] addMesg 1633185790000 com.garmin.fit.ca@2bdf4e6
10-02 15:43:10.669  1363  1467 V BADatabase: [149] query CloudPlanDao [planType eq 2] [planWorkoutType eq 0] returned 0 results
10-02 15:43:10.669  1363  1467 V StdRunnable: [149] StdDatabaseManager-query-CloudPlanDao took 16 ms
10-02 15:43:10.669  1363  1363 V BAGpsPosAssistManager: [2] writeGpsStatsToFit timeToFirstFixSecs= 77
10-02 15:43:10.669  1363  1363 V StdSessionManager: [2] [2] [Active] addMesg com.garmin.fit.ca@b638a27
10-02 15:43:10.670  1363  1363 V StdFitBuilder: [2] [2] add 1633185790669 com.garmin.fit.ca@b638a27
10-02 15:43:10.670  1363  1363 D StdFitBuilder: [2] [2] addMesg 1633185790000 com.garmin.fit.ca@b638a27
10-02 15:43:10.670  1363  1363 V BAGpsPosAssistManager: [2] writeGpsStatsToFit lastInjectionTimeMs= null
10-02 15:43:10.674  1363  1363 V BAGpsPosAssistManager: [2] writeGpsStatsToFit latDeg= 0.0
10-02 15:43:10.674  1363  1363 V StdSessionManager: [2] [2] [Active] addMesg com.garmin.fit.ca@ea3e4d4
10-02 15:43:10.674  1363  1363 V StdFitBuilder: [2] [2] add 1633185790674 com.garmin.fit.ca@ea3e4d4
10-02 15:43:10.674  1363  1363 D StdFitBuilder: [2] [2] addMesg 1633185790000 com.garmin.fit.ca@ea3e4d4
10-02 15:43:10.674  1363  1363 V BAGpsPosAssistManager: [2] writeGpsStatsToFit lastLon= 0.0
10-02 15:43:10.674  1363  1363 V StdSessionManager: [2] [2] [Active] addMesg com.garmin.fit.ca@b79367d
10-02 15:43:10.674  1363  1363 V StdFitBuilder: [2] [2] add 1633185790674 com.garmin.fit.ca@b79367d
10-02 15:43:10.675  1363  1363 D StdFitBuilder: [2] [2] addMesg 1633185790000 com.garmin.fit.ca@b79367d
10-02 15:43:10.677  1363  1363 V BAGpsPosAssistManager: [2] writeGpsStatsToFit altM= 3.4028234663852886E38
10-02 15:43:10.677  1363  1363 V StdSessionManager: [2] [2] [Active] addMesg com.garmin.fit.ca@2e47972
10-02 15:43:10.677  1363  1363 V StdFitBuilder: [2] [2] add 1633185790677 com.garmin.fit.ca@2e47972
10-02 15:43:10.677  1363  1363 D StdFitBuilder: [2] [2] addMesg 1633185790000 com.garmin.fit.ca@2e47972
10-02 15:43:10.678  1363  1363 V BAGpsPosAssistManager: [2] writeGpsStatsToFit latFirstFixDeg= 43.64743
10-02 15:43:10.678  1363  1363 V StdSessionManager: [2] [2] [Active] addMesg com.garmin.fit.ca@874a1c3
10-02 15:43:10.678  1363  1363 V StdFitBuilder: [2] [2] add 1633185790678 com.garmin.fit.ca@874a1c3
10-02 15:43:10.678  1363  1363 D StdFitBuilder: [2] [2] addMesg 1633185790000 com.garmin.fit.ca@874a1c3
10-02 15:43:10.678  1363  1363 V BAGpsPosAssistManager: [2] writeGpsStatsToFit lonFirstFixDeg= -72.46260333333333
10-02 15:43:10.678  1363  1363 V StdSessionManager: [2] [2] [Active] addMesg com.garmin.fit.ca@2c47a40
10-02 15:43:10.678  1363  1363 V StdFitBuilder: [2] [2] add 1633185790678 com.garmin.fit.ca@2c47a40
10-02 15:43:10.679  1363  1363 D StdFitBuilder: [2] [2] addMesg 1633185790000 com.garmin.fit.ca@2c47a40
10-02 15:43:10.679  1363  1363 V BAGpsPosAssistManager: [2] writeGpsStatsToFit altFirstFixM= -84.0
10-02 15:43:10.679  1363  1363 V StdSessionManager: [2] [2] [Active] addMesg com.garmin.fit.ca@867bd79
10-02 15:43:10.679  1363  1363 V StdFitBuilder: [2] [2] add 1633185790679 com.garmin.fit.ca@867bd79
10-02 15:43:10.680  1363  1363 D StdFitBuilder: [2] [2] addMesg 1633185790000 com.garmin.fit.ca@867bd79
10-02 15:43:10.680  1363  1363 V BAGpsPosAssistManager: [2] writeGpsStatsToFit horAccFirstFixM= 45.099998474121094
10-02 15:43:10.680  1363  1363 V StdSessionManager: [2] [2] [Active] addMesg com.garmin.fit.ca@47cbabe
10-02 15:43:10.680  1363  1363 V StdFitBuilder: [2] [2] add 1633185790680 com.garmin.fit.ca@47cbabe
10-02 15:43:10.680  1363  1363 D StdFitBuilder: [2] [2] addMesg 1633185790000 com.garmin.fit.ca@47cbabe
10-02 15:43:10.680  1363  1363 V BAGpsPosAssistManager: [2] notifyHorAcc10SecToStdFitMesg mHorAcc10SecsFirstFixM= 34.5
10-02 15:43:10.681  1363  1363 V StdSessionManager: [2] [2] [Active] addMesg com.garmin.fit.ca@6f5971f
10-02 15:43:10.681  1363  1363 V StdFitBuilder: [2] [2] add 1633185790681 com.garmin.fit.ca@6f5971f
10-02 15:43:10.681  1363  1363 D StdFitBuilder: [2] [2] addMesg 1633185790000 com.garmin.fit.ca@6f5971f
10-02 15:43:10.681  1363  1363 V BAGpsPosAssistManager: [2] notifyHorAcc10SecToStdFitMesg mHorAcc30SecFirstFixM= 11.0
10-02 15:43:10.681  1363  1363 V StdSessionManager: [2] [2] [Active] addMesg com.garmin.fit.ca@b96fa6c
10-02 15:43:10.681  1363  1363 V StdFitBuilder: [2] [2] add 1633185790681 com.garmin.fit.ca@b96fa6c
10-02 15:43:10.681  1363  1363 D StdFitBuilder: [2] [2] addMesg 1633185790000 com.garmin.fit.ca@b96fa6c
10-02 15:43:10.683  1363  1363 V BACloudDevicesSyncManager: [2] << StdSessionManager onSessionEvent ELEMNT BOLT 981E:29 START
10-02 15:43:10.701  1363  1363 V BACloudDevicesSyncManager: [2] onSessionEvent START JsonObject [{"deviceId":"ELEMNT BOLT 981E","workoutId":29,"backlight":"AUTO","led_mode":"OFF","workout_mode":"OUTDOOR","start_battery_percent":88,"device_firmware_version":"1.49.0.10 (13657)"}]
10-02 15:43:10.701  1363  1363 I BAAngiManager: [2] << StdSessionManager onSessionEvent ELEMNT BOLT 981E:29 START
10-02 15:43:10.706  1363  1363 V StdAnalyticsManager: [2] << StdSessionManager onSessionEvent ELEMNT BOLT 981E:29 START
10-02 15:43:10.706  1363  1363 V BWorkoutCharacteristic: [2] >> BWorkoutStateUtils getBWorkoutStatus in handleReq_GetWorkoutStatus
10-02 15:43:10.706  1363  1363 V BWorkoutCharacteristic: [2] << BWorkoutStateUtils onComplete in handleReq_GetWorkoutStatus
10-02 15:43:10.706  1363  1363 V CmdQueue-BTLECmdQueue: [2] add BxCA-WO-157 1
10-02 15:43:10.707  1363  1363 D BClimbFragment: [2] << StdSessionManager onSessionEvent START
10-02 15:43:10.707  1363  1363 V BClimbFragment: [2] reloadGraph onSessionEvent START
10-02 15:43:10.707  1363  1363 D BClimbFragment: [2] clearUserLine
10-02 15:43:10.707  1363  1363 D BClimbFragment: [2] clearPlannedLine
10-02 15:43:10.707  1363  1363 V BClimbFragment-BAClimbGraphViewAdapter: [2] initLines
10-02 15:43:10.707  1363  1363 V BClimbFragment-BAClimbGraphViewAdapter: [2] initLines pre-route user data needed
10-02 15:43:10.708  1363  1413 V BBtleManager: [110] >> SVR notif BxCA-WO-157 [00 1D 00 01 01 +7]
10-02 15:43:10.708  1363  1413 V CmdQueue-BANordicHciAdapter: [110] add HCI:47 1
10-02 15:43:10.708  1363  1413 V CmdQueue-BTLECmdQueue: [110] >> BxCA-WO-157 1
10-02 15:43:10.708  1363  1469 V CmdQueue-BANordicHciAdapter: [112] >> HCI:47 1
10-02 15:43:10.713  1363  1363 V BClimbFragment-BAClimbGraphViewAdapter: [2] initLines 7477 route points added
10-02 15:43:10.714  1363  1363 V BHomeActivity: [2] << BNotifManager onDlgNotifChanged
10-02 15:43:10.714  1363  1363 V BAHomeNotifHelper: [2] show heightPx=173
10-02 15:43:10.714  1363  1363 V BNotifFragment: [2] setContentView [notif-changed] set view
10-02 15:43:10.715  1363  1476 V BBtleManager: [150] << SVR notif sent OK
10-02 15:43:10.715  1363  1469 V CmdQueue-BANordicHciAdapter: [112] << HCI:47 7ms
10-02 15:43:10.715  1363  1413 V CmdQueue-BTLECmdQueue: [110] << BxCA-WO-157 8ms
10-02 15:43:10.718  1363  1363 D BClimbFragment-BAClimbGraphViewAdapter: [2] refreshGraph x span:  3218.69
10-02 15:43:10.718  1363  1363 V BClimbFragment-BAClimbGraphViewAdapter: [2] refreshGraph user moved past threshold, updateGraph
10-02 15:43:10.719  1363  1363 V BClimbFragment-BAClimbGraphViewAdapter: [2] refreshGraph updateGraph
10-02 15:43:10.719  1363  1363 D BGraphViewUserPlanned: [2] adjustAxisPlannedRemaining
10-02 15:43:10.721  1363  1363 V BClimbFragment-BAClimbGraphViewAdapter: [2] refreshGraph 4 X=BAxis [0.0 74760.0] Y=BAxis [-26.008295 546.1742]
10-02 15:43:10.723  1363  1363 V GPSDevice: [2] onLocationChanged 1098222520 loc=43.645848,-72.464122 alt=287.84 horAcc=11.00 bearing=3.80 gpsSpeed=3.44 sats=12
10-02 15:43:10.724  1363  1363 V GPSDevice: [2] getBestSpeed horAcc > 4m, reset MAs and use gps speed
10-02 15:43:10.724  1363  1363 V GPSDevice: [2] notifyGpsData GpsData [ loc=43.645848,-72.464122 alt=287.84 moving=true spd=3.44 spdIsGps=true horAcc=11.00 dist=23.65 head=3.80 sats=12]
10-02 15:43:10.726  1363  1363 V BSystemManager: [2] checkUpdateAutoShutdown button
10-02 15:43:10.726  1363  1363 V BSystemManager: [2] checkUpdateAutoShutdown 900 seconds remaining
10-02 15:43:10.727  1363  1363 V BBacklightManager: [2] onButtonEvent 0 3
10-02 15:43:10.727  1363  1363 I BTestModeListener: [2] [2] onButtonEvent 0 3
10-02 15:43:10.728  1363  1363 V BSystemManager: [2] checkUpdateAutoShutdown button
10-02 15:43:10.728  1363  1363 V BSystemManager: [2] checkUpdateAutoShutdown 900 seconds remaining
10-02 15:43:10.728  1363  1363 V BBacklightManager: [2] onButtonEvent 0 2
10-02 15:43:10.729  1363  1363 I BTestModeListener: [2] [2] onButtonEvent 0 2
10-02 15:43:10.734  1363  1363 V Handler-StdManager-LogCount: [2] increment current=150 max=150 total=150
10-02 15:43:10.735  1363  1363 V BACloudLogSyncManagerApp: [2] syncSoon registerLogUpload
10-02 15:43:10.739  1363  1363 D BClimbFragment-BAClimbGraphViewAdapter: [2] refreshGraph x span:  3218.69
10-02 15:43:10.739  1363  1363 V GPSDevice: [2] onNmeaMessage 1633185789 $GPGGA,144315.00,4338.7509,N,07227.8473,W,1,12,0.8,292.6,M,-32.7,M,,*58
10-02 15:43:10.740  1363  1363 V GPSDevice: [2] onNmeaMessage 1633185789 $GNGLL,4338.7509,N,07227.8473,W,144315.00,A,A*6C
10-02 15:43:10.740  1363  1363 V GPSDevice: [2] onNmeaMessage 1633185789 $GNGSA,A,3,02,05,06,13,15,18,20,29,,,,,1.4,0.8,1.1,1*3B
10-02 15:43:10.740  1363  1363 V GPSDevice: [2] onNmeaMessage 1633185789 $GNGSA,A,3,66,67,68,81,,,,,,,,,1.4,0.8,1.1,2*39
10-02 15:43:10.740  1363  1363 V GPSDevice: [2] onNmeaMessage 1633185789 $GPGSV,4,1,13,02,47,111,34,05,78,316,34,06,06,113,19,07,09,055,26,0*6D
10-02 15:43:10.740  1363  1363 V GPSDevice: [2] onNmeaMessage 1633185789 $GPGSV,4,2,13,11,38,104,,13,45,157,28,15,29,195,31,18,12,298,27,0*69
10-02 15:43:10.740  1363  1363 V GPSDevice: [2] onNmeaMessage 1633185790 $GPGSV,4,3,13,20,57,055,39,25,03,238,24,26,02,321,,29,56,281,35,0*62
10-02 15:43:10.740  1363  1363 V GPSDevice: [2] onNmeaMessage 1633185790 $GPGSV,4,4,13,30,10,087,26,,,,,,,,,,,,,0*5E
10-02 15:43:10.740  1363  1363 V GPSDevice: [2] onNmeaMessage 1633185790 $GLGSV,2,1,08,66,27,036,31,67,83,024,29,68,40,218,30,74,01,329,,0*7F
10-02 15:43:10.740  1363  1363 V GPSDevice: [2] onNmeaMessage 1633185790 $GLGSV,2,2,08,75,02,017,,81,28,137,24,82,79,109,25,83,46,327,29,0*78
10-02 15:43:10.740  1363  1363 V GPSDevice: [2] onNmeaMessage 1633185790 $GNRMC,144315.00,A,4338.7509,N,07227.8473,W,6.7,3.8,021021,,,A,V*2B
10-02 15:43:10.740  1363  1363 V GPSDevice: [2] onNmeaMessage 1633185790 $GNVTG,3.8,T,,M,6.7,N,12.4,K,A*2E
10-02 15:43:10.740  1363  1363 V GPSDevice: [2] onNmeaMessage 1633185790 $GNZDA,144315.00,02,10,2021,,*7C
10-02 15:43:10.740  1363  1363 V GPSDevice: [2] onNmeaMessage 1633185790 $PSEPU,16.1,11.0,8.2,7.3,11.8,2.55,1.58,4.9,0.89,1.30,2.00*43
10-02 15:43:10.740  1363  1363 V GPSDevice: [2] onNmeaMessage 1633185790 $PSVLF,12.70,12.40,3.8,0.80,12.37,-2.87*78
10-02 15:43:10.740  1363  1363 V GPSDevice: [2] onNmeaMessage 1633185790 $PSGME,21,1,01,02,0,571412.348488628,43,33.3,21996515.939,206.112,0.1,01,632712.300,0.00844,2,47,111,9,4,2,1,01083,N,F,1
10-02 15:43:10.740  1363  1363 V GPSDevice: [2] onNmeaMessage 1633185790 $PSGME,21,2,01,05,0,571412.354674861,33,33.6,20141929.725,-140.698,0.1,09,-335467.618,0.00649,2,78,316,9,4,1,1,00739,P,F
10-02 15:43:10.740  1363  1363 V GPSDevice: [2] onNmeaMessage 1633185790 $PSGME,21,3,01,06,0,571412.338146920,140,18.5,25096882.058,474.104,0.6,01,1793613.704,0.02727,2,06,113,9,4,2,1,02491,N,F
10-02 15:43:10.740  1363  1363 V GPSDevice: [2] onNmeaMessage 1633185790 $PSGME,21,4,01,07,0,571412.338086140,30,25.2,25115103.331,-226.069,0.3,01,-415853.614,0.00584,1,09,055,9,4,1,0,01188,P,F
10-02 15:43:10.740  1363  1363 V GPSDevice: [2] onNmeaMessage 1633185790 $PSGME,21,5,01,11,0,0.000000000,,0.0,0.000,0.000,0.0,00,0.000,0.00000,0,38,104,,,,,,,,1,0*6A
10-02 15:43:10.740  1363  1363 V GPSDevice: [2] onNmeaMessage 1633185790 $PSGME,21,6,01,13,0,571412.350146354,106,27.5,21499542.180,-637.792,0.2,01,-2085574.024,0.02078,2,45,157,9,4,2,1,03351,P
10-02 15:43:10.740  1363  1363 V GPSDevice: [2] onNmeaMessage 1633185790 $PSGME,21,7,01,15,0,571412.346028269,66,30.5,22734113.086,-825.561,0.2,01,-2710892.378,0.01299,2,29,195,9,4,2,1,04338,P,
10-02 15:43:10.740  1363  1363 V GPSDevice: [2] onNmeaMessage 1633185790 $PSGME,21,8,01,18,0,571412.340540110,26,26.0,24379421.647,-737.701,0.3,01,-2044392.983,0.00519,1,12,298,9,4,2,1,03876,P,
10-02 15:43:10.740  1363  1363 V GPSDevice: [2] onNmeaMessage 1633185790 $PSGME,21,9,01,20,0,571412.352639928,16,38.4,20751987.394,175.239,0.1,01,521920.733,0.00325,1,57,055,9,4,1,1,00920,N,F,1
10-02 15:43:10.740  1363  1363 V GPSDevice: [2] onNmeaMessage 1633185790 $PSGME,21,10,01,25,0,571412.336713637,73,23.9,25526569.436,439.154,0.4,01,1528129.692,0.01429,2,03,238,9,4,2,1,02307,N,F
10-02 15:43:10.740  1363  1363 V GPSDevice: [2] onNmeaMessage 1633185790 $PSGME,21,11,01,26,0,0.000000000,,0.0,0.000,0.000,0.0,00,0.000,0.00000,0,02,321,,,,,,,,1,0*57
10-02 15:43:10.740  1363  1363 V GPSDevice: [2] onNmeaMessage 1633185790 $PSGME,21,12,01,29,0,571412.351464478,90,34.2,21104378.390,-244.915,0.1,1A,-972740.157,0.01753,2,56,281,9,4,1,1,01287,P,
10-02 15:43:10.740  1363  1363 V GPSDevice: [2] onNmeaMessage 1633185790 $PSGME,21,13,01,30,0,571412.338736848,106,25.3,24920026.104,-478.072,0.3,01,-1222346.301,0.02078,2,10,087,9,4,1,0,02512,
10-02 15:43:10.740  1363  1363 V GPSDevice: [2] onNmeaMessage 1633185790 $PSGME,21,14,02,66,0,63794.349208331,63,30.4,21780746.772,564.589,0.2,09,1944692.874,0.01234,2,27,036,9,4,1,1,03012,N,F,
10-02 15:43:10.740  1363  1363 V GPSDevice: [2] onNmeaMessage 1633185790 $PSGME,21,15,02,67,0,63794.357801246,60,28.1,19204655.658,-27.819,0.3,01,2557.472,0.01169,2,83,024,9,4,1,1,00148,P,F,1,5
10-02 15:43:10.740  1363  1363 V GPSDevice: [2] onNmeaMessage 1633185790 $PSGME,21,16,02,68,0,63794.352149495,60,29.4,20899008.035,-705.818,0.2,01,-2112403.584,0.01169,2,40,218,9,4,1,1,03779,P,
10-02 15:43:10.741  1363  1363 V GPSDevice: [2] onNmeaMessage 1633185790 $PSGME,21,17,02,74,0,0.000000000,,0.0,0.000,0.000,0.0,00,0.000,0.00000,0,01,329,,,,,,,,1,0*5E
10-02 15:43:10.741  1363  1363 V GPSDevice: [2] onNmeaMessage 1633185790 $PSGME,21,18,02,75,0,0.000000000,,0.0,0.000,0.000,0.0,00,0.000,0.00000,0,02,017,,,,,,,,1,0*5D
10-02 15:43:10.741  1363  1363 V GPSDevice: [2] onNmeaMessage 1633185790 $PSGME,21,19,02,81,0,63794.349457287,190,23.2,21706111.760,547.439,0.4,01,1846558.917,0.03701,2,28,137,9,4,2,1,02929,N,F
10-02 15:43:10.741  1363  1363 V GPSDevice: [2] onNmeaMessage 1633185790 $PSGME,21,20,02,82,0,63794.357778280,76,24.4,19211540.838,-42.322,0.4,01,-28226.146,0.01494,2,79,109,9,4,1,1,00225,P,F,1
10-02 15:43:10.741  1363  1363 V GPSDevice: [2] onNmeaMessage 1633185790 $PSGME,21,21,02,83,0,0.000000000,,28.0,0.000,-657.888,0.2,01,62709.928,0.00000,0,46,327,9,1,1,0,03519,P,F,1,3*6D
10-02 15:43:10.748  1363  1363 I StdFitBuilder: [2] [2] checkOpen opening /sdcard/exports/2021-10-02-144309-ELEMNT BOLT 981E-29-0.fit
10-02 15:43:10.762  1363  1363 V StdFitBuilder: [2] [2] encodeFileId
